Component: ARM Compiler 5.06 update 4 (build 422) Tool: armlink [4d35d2]

==============================================================================

Section Cross References

    startup_stm32f103xb.o(RESET) refers to startup_stm32f103xb.o(STACK) for __initial_sp
    startup_stm32f103xb.o(RESET) refers to startup_stm32f103xb.o(.text) for Reset_Handler
    startup_stm32f103xb.o(RESET) refers to stm32f1xx_it.o(i.NMI_Handler) for NMI_Handler
    startup_stm32f103xb.o(RESET) refers to stm32f1xx_it.o(i.HardFault_Handler) for HardFault_Handler
    startup_stm32f103xb.o(RESET) refers to stm32f1xx_it.o(i.MemManage_Handler) for MemManage_Handler
    startup_stm32f103xb.o(RESET) refers to stm32f1xx_it.o(i.BusFault_Handler) for BusFault_Handler
    startup_stm32f103xb.o(RESET) refers to stm32f1xx_it.o(i.UsageFault_Handler) for UsageFault_Handler
    startup_stm32f103xb.o(RESET) refers to port.o(.emb_text) for SVC_Handler
    startup_stm32f103xb.o(RESET) refers to stm32f1xx_it.o(i.DebugMon_Handler) for DebugMon_Handler
    startup_stm32f103xb.o(RESET) refers to port.o(i.SysTick_Handler) for SysTick_Handler
    startup_stm32f103xb.o(RESET) refers to stm32f1xx_it.o(i.DMA1_Channel6_IRQHandler) for DMA1_Channel6_IRQHandler
    startup_stm32f103xb.o(RESET) refers to stm32f1xx_it.o(i.DMA1_Channel7_IRQHandler) for DMA1_Channel7_IRQHandler
    startup_stm32f103xb.o(RESET) refers to stm32f1xx_it.o(i.TIM1_UP_IRQHandler) for TIM1_UP_IRQHandler
    startup_stm32f103xb.o(RESET) refers to stm32f1xx_it.o(i.USART2_IRQHandler) for USART2_IRQHandler
    startup_stm32f103xb.o(.text) refers to system_stm32f1xx.o(i.SystemInit) for SystemInit
    startup_stm32f103xb.o(.text) refers to entry.o(.ARM.Collect$$$$00000000) for __main
    main.o(i.HAL_TIM_PeriodElapsedCallback) refers to stm32f1xx_hal.o(i.HAL_IncTick) for HAL_IncTick
    main.o(i.SystemClock_Config) refers to memseta.o(.text) for __aeabi_memclr4
    main.o(i.SystemClock_Config) refers to stm32f1xx_hal_rcc.o(i.HAL_RCC_OscConfig) for HAL_RCC_OscConfig
    main.o(i.SystemClock_Config) refers to stm32f1xx_hal_rcc.o(i.HAL_RCC_ClockConfig) for HAL_RCC_ClockConfig
    main.o(i.fputc) refers to stm32f1xx_hal_uart.o(i.HAL_UART_Transmit) for HAL_UART_Transmit
    main.o(i.fputc) refers to usart.o(.bss) for huart1
    main.o(i.main) refers to stm32f1xx_hal.o(i.HAL_Init) for HAL_Init
    main.o(i.main) refers to main.o(i.SystemClock_Config) for SystemClock_Config
    main.o(i.main) refers to gpio.o(i.MX_GPIO_Init) for MX_GPIO_Init
    main.o(i.main) refers to dma.o(i.MX_DMA_Init) for MX_DMA_Init
    main.o(i.main) refers to usart.o(i.MX_USART1_UART_Init) for MX_USART1_UART_Init
    main.o(i.main) refers to usart.o(i.MX_USART2_UART_Init) for MX_USART2_UART_Init
    main.o(i.main) refers to freertos.o(i.MX_FREERTOS_Init) for MX_FREERTOS_Init
    main.o(i.main) refers to cmsis_os.o(i.osKernelStart) for osKernelStart
    gpio.o(i.MX_GPIO_Init) refers to stm32f1xx_hal_gpio.o(i.HAL_GPIO_WritePin) for HAL_GPIO_WritePin
    gpio.o(i.MX_GPIO_Init) refers to stm32f1xx_hal_gpio.o(i.HAL_GPIO_Init) for HAL_GPIO_Init
    freertos.o(i.Board_LED_Toggle) refers to stm32f1xx_hal_gpio.o(i.HAL_GPIO_TogglePin) for HAL_GPIO_TogglePin
    freertos.o(i.Board_LED_task) refers to freertos.o(i.Board_LED_Toggle) for Board_LED_Toggle
    freertos.o(i.Board_LED_task) refers to tasks.o(i.vTaskDelay) for vTaskDelay
    freertos.o(i.MX_FREERTOS_Init) refers to memcpya.o(.text) for __aeabi_memcpy4
    freertos.o(i.MX_FREERTOS_Init) refers to cmsis_os.o(i.osThreadCreate) for osThreadCreate
    freertos.o(i.MX_FREERTOS_Init) refers to freertos.o(.constdata) for .constdata
    freertos.o(i.MX_FREERTOS_Init) refers to freertos.o(.data) for .data
    freertos.o(i.StartDefaultTask) refers to heap_4.o(i.xPortGetFreeHeapSize) for xPortGetFreeHeapSize
    freertos.o(i.StartDefaultTask) refers to printf4.o(i.__0printf$4) for __2printf
    freertos.o(i.StartDefaultTask) refers to tasks.o(i.xTaskCreate) for xTaskCreate
    freertos.o(i.StartDefaultTask) refers to cmsis_os.o(i.osDelay) for osDelay
    freertos.o(i.StartDefaultTask) refers to driver_fmu.o(i.FMU_task) for FMU_task
    freertos.o(i.vApplicationGetIdleTaskMemory) refers to freertos.o(.bss) for .bss
    freertos.o(.constdata) refers to freertos.o(.conststring) for .conststring
    freertos.o(.constdata) refers to freertos.o(i.StartDefaultTask) for StartDefaultTask
    dma.o(i.MX_DMA_Init) refers to stm32f1xx_hal_cortex.o(i.HAL_NVIC_SetPriority) for HAL_NVIC_SetPriority
    dma.o(i.MX_DMA_Init) refers to stm32f1xx_hal_cortex.o(i.HAL_NVIC_EnableIRQ) for HAL_NVIC_EnableIRQ
    usart.o(i.HAL_UART_MspDeInit) refers to stm32f1xx_hal_gpio.o(i.HAL_GPIO_DeInit) for HAL_GPIO_DeInit
    usart.o(i.HAL_UART_MspDeInit) refers to stm32f1xx_hal_dma.o(i.HAL_DMA_DeInit) for HAL_DMA_DeInit
    usart.o(i.HAL_UART_MspDeInit) refers to stm32f1xx_hal_cortex.o(i.HAL_NVIC_DisableIRQ) for HAL_NVIC_DisableIRQ
[...]
    ..\Core\Src\main.c                       0x00000000   Number         0  main.o ABSOLUTE
    ..\Core\Src\stm32f1xx_hal_msp.c          0x00000000   Number         0  stm32f1xx_hal_msp.o ABSOLUTE
    ..\Core\Src\stm32f1xx_hal_timebase_tim.c 0x00000000   Number         0  stm32f1xx_hal_timebase_tim.o ABSOLUTE
    ..\Core\Src\stm32f1xx_it.c               0x00000000   Number         0  stm32f1xx_it.o ABSOLUTE
    ..\Core\Src\system_stm32f1xx.c           0x00000000   Number         0  system_stm32f1xx.o ABSOLUTE
    ..\Core\Src\usart.c                      0x00000000   Number         0  usart.o ABSOLUTE
    ..\Drivers\STM32F1xx_HAL_Driver\Src\stm32f1xx_hal.c 0x00000000   Number         0  stm32f1xx_hal.o ABSOLUTE
    ..\Drivers\STM32F1xx_HAL_Driver\Src\stm32f1xx_hal_cortex.c 0x00000000   Number         0  stm32f1xx_hal_cortex.o ABSOLUTE
    ..\Drivers\STM32F1xx_HAL_Driver\Src\stm32f1xx_hal_dma.c 0x00000000   Number         0  stm32f1xx_hal_dma.o ABSOLUTE
    ..\Drivers\STM32F1xx_HAL_Driver\Src\stm32f1xx_hal_exti.c 0x00000000   Number         0  stm32f1xx_hal_exti.o ABSOLUTE
    ..\Drivers\STM32F1xx_HAL_Driver\Src\stm32f1xx_hal_flash.c 0x00000000   Number         0  stm32f1xx_hal_flash.o ABSOLUTE
    ..\Drivers\STM32F1xx_HAL_Driver\Src\stm32f1xx_hal_flash_ex.c 0x00000000   Number         0  stm32f1xx_hal_flash_ex.o ABSOLUTE
    ..\Drivers\STM32F1xx_HAL_Driver\Src\stm32f1xx_hal_gpio.c 0x00000000   Number         0  stm32f1xx_hal_gpio.o ABSOLUTE
    ..\Drivers\STM32F1xx_HAL_Driver\Src\stm32f1xx_hal_gpio_ex.c 0x00000000   Number         0  stm32f1xx_hal_gpio_ex.o ABSOLUTE
    ..\Drivers\STM32F1xx_HAL_Driver\Src\stm32f1xx_hal_pwr.c 0x00000000   Number         0  stm32f1xx_hal_pwr.o ABSOLUTE
    ..\Drivers\STM32F1xx_HAL_Driver\Src\stm32f1xx_hal_rcc.c 0x00000000   Number         0  stm32f1xx_hal_rcc.o ABSOLUTE
    ..\Drivers\STM32F1xx_HAL_Driver\Src\stm32f1xx_hal_rcc_ex.c 0x00000000   Number         0  stm32f1xx_hal_rcc_ex.o ABSOLUTE
    ..\Drivers\STM32F1xx_HAL_Driver\Src\stm32f1xx_hal_tim.c 0x00000000   Number         0  stm32f1xx_hal_tim.o ABSOLUTE
    ..\Drivers\STM32F1xx_HAL_Driver\Src\stm32f1xx_hal_tim_ex.c 0x00000000   Number         0  stm32f1xx_hal_tim_ex.o ABSOLUTE
    ..\Drivers\STM32F1xx_HAL_Driver\Src\stm32f1xx_hal_uart.c 0x00000000   Number         0  stm32f1xx_hal_uart.o ABSOLUTE
    ..\Mavlink_PORT\COM.c                    0x00000000   Number         0  com.o ABSOLUTE
    ..\Mavlink_PORT\Driver_FMU.c             0x00000000   Number         0  driver_fmu.o ABSOLUTE
    ..\Middlewares\Third_Party\FreeRTOS\Source\CMSIS_RTOS\cmsis_os.c 0x00000000   Number         0  cmsis_os.o ABSOLUTE
    ..\Middlewares\Third_Party\FreeRTOS\Source\portable\RVDS\ARM_CM3\port.c 0x00000000   Number         0  port.o ABSOLUTE
    ..\\Mavlink_PORT\\COM.c                  0x00000000   Number         0  com.o ABSOLUTE
    ..\\Mavlink_PORT\\Driver_FMU.c           0x00000000   Number         0  driver_fmu.o ABSOLUTE
    cdrcmple.s                               0x00000000   Number         0  cdrcmple.o ABSOLUTE
    dc.s                                     0x00000000   Number         0  dc.o ABSOLUTE
    handlers.s                               0x00000000   Number         0  handlers.o ABSOLUTE
    init.s                                   0x00000000   Number         0  init.o ABSOLUTE
    startup_stm32f103xb.s                    0x00000000   Number         0  startup_stm32f103xb.o ABSOLUTE
    RESET                                    0x08000000   Section      236  startup_stm32f103xb.o(RESET)
    .ARM.Collect$$$$00000000                 0x080000ec   Section        0  entry.o(.ARM.Collect$$$$00000000)
    .ARM.Collect$$$$00000001                 0x080000ec   Section        4  entry2.o(.ARM.Collect$$$$00000001)
    .ARM.Collect$$$$00000004                 0x080000f0   Section        4  entry5.o(.ARM.Collect$$$$00000004)
    .ARM.Collect$$$$00000008                 0x080000f4   Section        0  entry7b.o(.ARM.Collect$$$$00000008)
    .ARM.Collect$$$$0000000A                 0x080000f4   Section        0  entry8b.o(.ARM.Collect$$$$0000000A)
    .ARM.Collect$$$$0000000B                 0x080000f4   Section        8  entry9a.o(.ARM.Collect$$$$0000000B)
    .ARM.Collect$$$$0000000D                 0x080000fc   Section        0  entry10a.o(.ARM.Collect$$$$0000000D)
    .ARM.Collect$$$$0000000F                 0x080000fc   Section        0  entry11a.o(.ARM.Collect$$$$0000000F)
    .ARM.Collect$$$$00002712                 0x080000fc   Section        4  entry2.o(.ARM.Collect$$$$00002712)
    __lit__00000000                          0x080000fc   Data           4  entry2.o(.ARM.Collect$$$$00002712)
    .emb_text                                0x08000100   Section      150  port.o(.emb_text)
    .text                                    0x08000198   Section       36  startup_stm32f103xb.o(.text)
    .text                                    0x080001bc   Section        0  llushr.o(.text)
    .text                                    0x080001dc   Section        0  memcpya.o(.text)
    .text                                    0x08000200   Section        0  memseta.o(.text)
    .text                                    0x08000224   Section        0  strlen.o(.text)
    .text                                    0x08000232   Section        0  memcmp.o(.text)
    .text                                    0x0800024c   Section        0  fmul.o(.text)
    .text                                    0x080002b0   Section        0  fdiv.o(.text)
    .text                                    0x0800032c   Section        0  ffltui.o(.text)
    .text                                    0x08000336   Section        0  uldiv.o(.text)
    .text                                    0x08000398   Section        0  fepilogue.o(.text)
    .text                                    0x08000398   Section        0  iusefp.o(.text)
    .text                                    0x08000408   Section       36  init.o(.text)
    .text                                    0x0800042c   Section        0  llshl.o(.text)
    i.BusFault_Handler                       0x0800044a   Section        0  stm32f1xx_it.o(i.BusFault_Handler)
    i.COM_RX_task                            0x0800044c   Section        0  com.o(i.COM_RX_task)
    i.COM_TX_task                            0x0800046c   Section        0  com.o(i.COM_TX_task)
    i.DMA1_Channel6_IRQHandler               0x080004c4   Section        0  stm32f1xx_it.o(i.DMA1_Channel6_IRQHandler)
    i.DMA1_Channel7_IRQHandler               0x080004d0   Section        0  stm32f1xx_it.o(i.DMA1_Channel7_IRQHandler)
    i.DMA_SetConfig                          0x080004dc   Section        0  stm32f1xx_hal_dma.o(i.DMA_SetConfig)
    DMA_SetConfig                            0x080004dd   Thumb Code    42  stm32f1xx_hal_dma.o(i.DMA_SetConfig)
    i.DebugMon_Handler                       0x08000506   Section        0  stm32f1xx_it.o(i.DebugMon_Handler)
    i.Error_Handler                          0x08000508   Section        0  main.o(i.Error_Handler)
    i.FMU_Init                               0x0800050c   Section        0  driver_fmu.o(i.FMU_Init)
    i.FMU_decode                             0x08000538   Section        0  driver_fmu.o(i.FMU_decode)
    i.FMU_task                               0x080006d8   Section        0  driver_fmu.o(i.FMU_task)
    i.HAL_DMA_Abort                          0x08000730   Section        0  stm32f1xx_hal_dma.o(i.HAL_DMA_Abort)
    i.HAL_DMA_Abort_IT                       0x08000778   Section        0  stm32f1xx_hal_dma.o(i.HAL_DMA_Abort_IT)
    i.HAL_DMA_IRQHandler                     0x08000810   Section        0  stm32f1xx_hal_dma.o(i.HAL_DMA_IRQHandler)
    i.HAL_DMA_Init                           0x08000964   Section        0  stm32f1xx_hal_dma.o(i.HAL_DMA_Init)
    i.HAL_DMA_Start_IT                       0x080009c0   Section        0  stm32f1xx_hal_dma.o(i.HAL_DMA_Start_IT)
    i.HAL_GPIO_Init                          0x08000a30   Section        0  stm32f1xx_hal_gpio.o(i.HAL_GPIO_Init)
    i.HAL_GPIO_WritePin                      0x08000c10   Section        0  stm32f1xx_hal_gpio.o(i.HAL_GPIO_WritePin)
    i.HAL_GetTick                            0x08000c1c   Section        0  stm32f1xx_hal.o(i.HAL_GetTick)
    i.HAL_IncTick                            0x08000c28   Section        0  stm32f1xx_hal.o(i.HAL_IncTick)
    i.HAL_Init                               0x08000c38   Section        0  stm32f1xx_hal.o(i.HAL_Init)
    i.HAL_InitTick                           0x08000c5c   Section        0  stm32f1xx_hal_timebase_tim.o(i.HAL_InitTick)
    i.HAL_MspInit                            0x08000cd0   Section        0  stm32f1xx_hal_msp.o(i.HAL_MspInit)
    i.HAL_NVIC_EnableIRQ                     0x08000d18   Section        0  stm32f1xx_hal_cortex.o(i.HAL_NVIC_EnableIRQ)
    i.HAL_NVIC_SetPriority                   0x08000d34   Section        0  stm32f1xx_hal_cortex.o(i.HAL_NVIC_SetPriority)
    i.HAL_NVIC_SetPriorityGrouping           0x08000d74   Section        0  stm32f1xx_hal_cortex.o(i.HAL_NVIC_SetPriorityGrouping)
    i.HAL_RCC_ClockConfig                    0x08000d98   Section        0  stm32f1xx_hal_rcc.o(i.HAL_RCC_ClockConfig)
    i.HAL_RCC_GetClockConfig                 0x08000ec4   Section        0  stm32f1xx_hal_rcc.o(i.HAL_RCC_GetClockConfig)
    i.HAL_RCC_GetPCLK1Freq                   0x08000f04   Section        0  stm32f1xx_hal_rcc.o(i.HAL_RCC_GetPCLK1Freq)
    i.HAL_RCC_GetPCLK2Freq                   0x08000f24   Section        0  stm32f1xx_hal_rcc.o(i.HAL_RCC_GetPCLK2Freq)
    i.HAL_RCC_GetSysClockFreq                0x08000f44   Section        0  stm32f1xx_hal_rcc.o(i.HAL_RCC_GetSysClockFreq)
    i.HAL_RCC_OscConfig                      0x08000fb0   Section        0  stm32f1xx_hal_rcc.o(i.HAL_RCC_OscConfig)
    i.HAL_TIMEx_BreakCallback                0x080012d0   Section        0  stm32f1xx_hal_tim_ex.o(i.HAL_TIMEx_BreakCallback)
    i.HAL_TIMEx_CommutCallback               0x080012d2   Section        0  stm32f1xx_hal_tim_ex.o(i.HAL_TIMEx_CommutCallback)
    i.HAL_TIM_Base_Init                      0x080012d4   Section        0  stm32f1xx_hal_tim.o(i.HAL_TIM_Base_Init)
    i.HAL_TIM_Base_MspInit                   0x0800132e   Section        0  stm32f1xx_hal_tim.o(i.HAL_TIM_Base_MspInit)
    i.HAL_TIM_Base_Start_IT                  0x08001330   Section        0  stm32f1xx_hal_tim.o(i.HAL_TIM_Base_Start_IT)
    i.HAL_TIM_IC_CaptureCallback             0x08001388   Section        0  stm32f1xx_hal_tim.o(i.HAL_TIM_IC_CaptureCallback)
    i.HAL_TIM_IRQHandler                     0x0800138a   Section        0  stm32f1xx_hal_tim.o(i.HAL_TIM_IRQHandler)
    i.HAL_TIM_OC_DelayElapsedCallback        0x080014f0   Section        0  stm32f1xx_hal_tim.o(i.HAL_TIM_OC_DelayElapsedCallback)
    i.HAL_TIM_PWM_PulseFinishedCallback      0x080014f2   Section        0  stm32f1xx_hal_tim.o(i.HAL_TIM_PWM_PulseFinishedCallback)
    i.HAL_TIM_PeriodElapsedCallback          0x080014f4   Section        0  main.o(i.HAL_TIM_PeriodElapsedCallback)
    i.HAL_TIM_TriggerCallback                0x08001508   Section        0  stm32f1xx_hal_tim.o(i.HAL_TIM_TriggerCallback)
    i.HAL_UARTEx_ReceiveToIdle_DMA           0x0800150a   Section        0  stm32f1xx_hal_uart.o(i.HAL_UARTEx_ReceiveToIdle_DMA)
    i.HAL_UARTEx_RxEventCallback             0x08001554   Section        0  com.o(i.HAL_UARTEx_RxEventCallback)
    i.HAL_UART_ErrorCallback                 0x080015c4   Section        0  com.o(i.HAL_UART_ErrorCallback)
    i.HAL_UART_IRQHandler                    0x08001600   Section        0  stm32f1xx_hal_uart.o(i.HAL_UART_IRQHandler)
    i.HAL_UART_Init                          0x0800180c   Section        0  stm32f1xx_hal_uart.o(i.HAL_UART_Init)
    i.HAL_UART_MspInit                       0x08001870   Section        0  usart.o(i.HAL_UART_MspInit)
    i.HAL_UART_RxCpltCallback                0x08001994   Section        0  com.o(i.HAL_UART_RxCpltCallback)
    i.HAL_UART_RxHalfCpltCallback            0x08001996   Section        0  stm32f1xx_hal_uart.o(i.HAL_UART_RxHalfCpltCallback)
    i.HAL_UART_Transmit                      0x08001998   Section        0  stm32f1xx_hal_uart.o(i.HAL_UART_Transmit)
    i.HAL_UART_Transmit_DMA                  0x08001a4c   Section        0  stm32f1xx_hal_uart.o(i.HAL_UART_Transmit_DMA)
    i.HAL_UART_TxCpltCallback                0x08001acc   Section        0  com.o(i.HAL_UART_TxCpltCallback)
    i.HAL_UART_TxHalfCpltCallback            0x08001b0c   Section        0  stm32f1xx_hal_uart.o(i.HAL_UART_TxHalfCpltCallback)
    i.HardFault_Handler                      0x08001b0e   Section        0  stm32f1xx_it.o(i.HardFault_Handler)
    i.Init_COM_with_DMA_idle                 0x08001b10   Section        0  com.o(i.Init_COM_with_DMA_idle)
    i.MX_DMA_Init                            0x08001c54   Section        0  dma.o(i.MX_DMA_Init)
    i.MX_FREERTOS_Init                       0x08001c90   Section        0  freertos.o(i.MX_FREERTOS_Init)
    i.MX_GPIO_Init                           0x08001cb8   Section        0  gpio.o(i.MX_GPIO_Init)
    i.MX_USART1_UART_Init                    0x08001d7c   Section        0  usart.o(i.MX_USART1_UART_Init)
    i.MX_USART2_UART_Init                    0x08001db4   Section        0  usart.o(i.MX_USART2_UART_Init)
    i.MemManage_Handler                      0x08001dec   Section        0  stm32f1xx_it.o(i.MemManage_Handler)
    i.NMI_Handler                            0x08001dee   Section        0  stm32f1xx_it.o(i.NMI_Handler)
    i.StartDefaultTask                       0x08001df0   Section        0  freertos.o(i.StartDefaultTask)
    i.SysTick_Handler                        0x08001e7c   Section        0  port.o(i.SysTick_Handler)
    i.SystemClock_Config                     0x08001ea8   Section        0  main.o(i.SystemClock_Config)
    i.SystemInit                             0x08001f06   Section        0  system_stm32f1xx.o(i.SystemInit)
    i.TIM1_UP_IRQHandler                     0x08001f08   Section        0  stm32f1xx_it.o(i.TIM1_UP_IRQHandler)
    i.TIM_Base_SetConfig                     0x08001f14   Section        0  stm32f1xx_hal_tim.o(i.TIM_Base_SetConfig)
    i.UART_DMAAbortOnError                   0x08001f80   Section        0  stm32f1xx_hal_uart.o(i.UART_DMAAbortOnError)
    UART_DMAAbortOnError                     0x08001f81   Thumb Code    16  stm32f1xx_hal_uart.o(i.UART_DMAAbortOnError)
    i.UART_DMAError                          0x08001f90   Section        0  stm32f1xx_hal_uart.o(i.UART_DMAError)
    UART_DMAError                            0x08001f91   Thumb Code    74  stm32f1xx_hal_uart.o(i.UART_DMAError)
    i.UART_DMAReceiveCplt                    0x08001fda   Section        0  stm32f1xx_hal_uart.o(i.UART_DMAReceiveCplt)
    UART_DMAReceiveCplt                      0x08001fdb   Thumb Code    90  stm32f1xx_hal_uart.o(i.UART_DMAReceiveCplt)
    i.UART_DMARxHalfCplt                     0x08002034   Section        0  stm32f1xx_hal_uart.o(i.UART_DMARxHalfCplt)
    UART_DMARxHalfCplt                       0x08002035   Thumb Code    26  stm32f1xx_hal_uart.o(i.UART_DMARxHalfCplt)
    i.UART_DMATransmitCplt                   0x0800204e   Section        0  stm32f1xx_hal_uart.o(i.UART_DMATransmitCplt)
    UART_DMATransmitCplt                     0x0800204f   Thumb Code    46  stm32f1xx_hal_uart.o(i.UART_DMATransmitCplt)
    i.UART_DMATxHalfCplt                     0x0800207c   Section        0  stm32f1xx_hal_uart.o(i.UART_DMATxHalfCplt)
    UART_DMATxHalfCplt                       0x0800207d   Thumb Code    10  stm32f1xx_hal_uart.o(i.UART_DMATxHalfCplt)
    i.UART_EndRxTransfer                     0x08002086   Section        0  stm32f1xx_hal_uart.o(i.UART_EndRxTransfer)
    UART_EndRxTransfer                       0x08002087   Thumb Code    48  stm32f1xx_hal_uart.o(i.UART_EndRxTransfer)
    i.UART_EndTxTransfer                     0x080020b6   Section        0  stm32f1xx_hal_uart.o(i.UART_EndTxTransfer)
    UART_EndTxTransfer                       0x080020b7   Thumb Code    18  stm32f1xx_hal_uart.o(i.UART_EndTxTransfer)
    i.UART_Receive_IT                        0x080020c8   Section        0  stm32f1xx_hal_uart.o(i.UART_Receive_IT)
    UART_Receive_IT                          0x080020c9   Thumb Code   182  stm32f1xx_hal_uart.o(i.UART_Receive_IT)
    i.UART_SetConfig                         0x08002180   Section        0  stm32f1xx_hal_uart.o(i.UART_SetConfig)
    UART_SetConfig                           0x08002181   Thumb Code   178  stm32f1xx_hal_uart.o(i.UART_SetConfig)
    i.UART_Start_Receive_DMA                 0x08002238   Section        0  stm32f1xx_hal_uart.o(i.UART_Start_Receive_DMA)
    i.UART_WaitOnFlagUntilTimeout            0x080022a8   Section        0  stm32f1xx_hal_uart.o(i.UART_WaitOnFlagUntilTimeout)
    UART_WaitOnFlagUntilTimeout              0x080022a9   Thumb Code   100  stm32f1xx_hal_uart.o(i.UART_WaitOnFlagUntilTimeout)
    i.USART2_IRQHandler                      0x0800230c   Section        0  stm32f1xx_it.o(i.USART2_IRQHandler)
    i.UsageFault_Handler                     0x08002318   Section        0  stm32f1xx_it.o(i.UsageFault_Handler)
    i.__0printf$4                            0x0800231c   Section        0  printf4.o(i.__0printf$4)
    i.__NVIC_SetPriority                     0x0800233c   Section        0  stm32f1xx_hal_cortex.o(i.__NVIC_SetPriority)
    __NVIC_SetPriority                       0x0800233d   Thumb Code    32  stm32f1xx_hal_cortex.o(i.__NVIC_SetPriority)
    i.__scatterload_copy                     0x0800235c   Section       14  handlers.o(i.__scatterload_copy)
    i.__scatterload_null                     0x0800236a   Section        2  handlers.o(i.__scatterload_null)
    i.__scatterload_zeroinit                 0x0800236c   Section       14  handlers.o(i.__scatterload_zeroinit)
    i._printf_core                           0x0800237c   Section        0  printf4.o(i._printf_core)
    _printf_core                             0x0800237d   Thumb Code   552  printf4.o(i._printf_core)
    i.crc_accumulate                         0x080025a8   Section        0  driver_fmu.o(i.crc_accumulate)
    crc_accumulate                           0x080025a9   Thumb Code    28  driver_fmu.o(i.crc_accumulate)
    i.degrees                                0x080025c4   Section        0  driver_fmu.o(i.degrees)
    i.fputc                                  0x080025d0   Section        0  main.o(i.fputc)
    i.main                                   0x080025e8   Section        0  main.o(i.main)
    i.makeFreeRtosPriority                   0x0800260a   Section        0  cmsis_os.o(i.makeFreeRtosPriority)
    makeFreeRtosPriority                     0x0800260b   Thumb Code    12  cmsis_os.o(i.makeFreeRtosPriority)
    i.mavlink_frame_char_buffer              0x08002618   Section        0  driver_fmu.o(i.mavlink_frame_char_buffer)
    mavlink_frame_char_buffer                0x08002619   Thumb Code   716  driver_fmu.o(i.mavlink_frame_char_buffer)
    i.mavlink_sha256_calc                    0x080028e8   Section        0  driver_fmu.o(i.mavlink_sha256_calc)
    mavlink_sha256_calc                      0x080028e9   Thumb Code   286  driver_fmu.o(i.mavlink_sha256_calc)
    i.mavlink_sha256_final_48                0x08002a0c   Section        0  driver_fmu.o(i.mavlink_sha256_final_48)
    mavlink_sha256_final_48                  0x08002a0d   Thumb Code   140  driver_fmu.o(i.mavlink_sha256_final_48)
    i.mavlink_sha256_init                    0x08002a98   Section        0  driver_fmu.o(i.mavlink_sha256_init)
    mavlink_sha256_init                      0x08002a99   Thumb Code    40  driver_fmu.o(i.mavlink_sha256_init)
    i.mavlink_sha256_update                  0x08002ae0   Section        0  driver_fmu.o(i.mavlink_sha256_update)
    mavlink_sha256_update                    0x08002ae1   Thumb Code   126  driver_fmu.o(i.mavlink_sha256_update)
    i.mavlink_signature_check                0x08002b60   Section        0  driver_fmu.o(i.mavlink_signature_check)
    mavlink_signature_check                  0x08002b61   Thumb Code   362  driver_fmu.o(i.mavlink_signature_check)
    i.mavlink_start_checksum                 0x08002cd0   Section        0  driver_fmu.o(i.mavlink_start_checksum)
    mavlink_start_checksum                   0x08002cd1   Thumb Code     8  driver_fmu.o(i.mavlink_start_checksum)
    i.mavlink_update_checksum                0x08002cd8   Section        0  driver_fmu.o(i.mavlink_update_checksum)
    mavlink_update_checksum                  0x08002cd9   Thumb Code    28  driver_fmu.o(i.mavlink_update_checksum)
    i.osDelay                                0x08002cf4   Section        0  cmsis_os.o(i.osDelay)
    i.osKernelStart                          0x08002d02   Section        0  cmsis_os.o(i.osKernelStart)
    i.osThreadCreate                         0x08002d0c   Section        0  cmsis_os.o(i.osThreadCreate)
    i.process_channels                       0x08002d60   Section        0  driver_fmu.o(i.process_channels)
    i.prvAddCurrentTaskToDelayedList         0x08002e54   Section        0  tasks.o(i.prvAddCurrentTaskToDelayedList)
    prvAddCurrentTaskToDelayedList           0x08002e55   Thumb Code   102  tasks.o(i.prvAddCurrentTaskToDelayedList)
    i.prvAddNewTaskToReadyList               0x08002ec4   Section        0  tasks.o(i.prvAddNewTaskToReadyList)
    prvAddNewTaskToReadyList                 0x08002ec5   Thumb Code   194  tasks.o(i.prvAddNewTaskToReadyList)
    i.prvCopyDataFromQueue                   0x08002f94   Section        0  queue.o(i.prvCopyDataFromQueue)
    prvCopyDataFromQueue                     0x08002f95   Thumb Code    38  queue.o(i.prvCopyDataFromQueue)
    i.prvCopyDataToQueue                     0x08002fba   Section        0  queue.o(i.prvCopyDataToQueue)
    prvCopyDataToQueue                       0x08002fbb   Thumb Code   108  queue.o(i.prvCopyDataToQueue)
    i.prvDeleteTCB                           0x08003026   Section        0  tasks.o(i.prvDeleteTCB)
    prvDeleteTCB                             0x08003027   Thumb Code    52  tasks.o(i.prvDeleteTCB)
    i.prvHeapInit                            0x0800305c   Section        0  heap_4.o(i.prvHeapInit)
    prvHeapInit                              0x0800305d   Thumb Code    66  heap_4.o(i.prvHeapInit)
    i.prvIdleTask                            0x080030a8   Section        0  tasks.o(i.prvIdleTask)
    prvIdleTask                              0x080030a9   Thumb Code    82  tasks.o(i.prvIdleTask)
    i.prvInitialiseNewQueue                  0x08003108   Section        0  queue.o(i.prvInitialiseNewQueue)
    prvInitialiseNewQueue                    0x08003109   Thumb Code    22  queue.o(i.prvInitialiseNewQueue)
    i.prvInitialiseNewTask                   0x0800311e   Section        0  tasks.o(i.prvInitialiseNewTask)
    prvInitialiseNewTask                     0x0800311f   Thumb Code   142  tasks.o(i.prvInitialiseNewTask)
    i.prvInsertBlockIntoFreeList             0x080031ac   Section        0  heap_4.o(i.prvInsertBlockIntoFreeList)
    prvInsertBlockIntoFreeList               0x080031ad   Thumb Code    72  heap_4.o(i.prvInsertBlockIntoFreeList)
    i.prvIsQueueEmpty                        0x080031f8   Section        0  queue.o(i.prvIsQueueEmpty)
    prvIsQueueEmpty                          0x080031f9   Thumb Code    28  queue.o(i.prvIsQueueEmpty)
    i.prvResetNextTaskUnblockTime            0x08003214   Section        0  tasks.o(i.prvResetNextTaskUnblockTime)
    prvResetNextTaskUnblockTime              0x08003215   Thumb Code    26  tasks.o(i.prvResetNextTaskUnblockTime)
    i.prvTaskExitError                       0x08003234   Section        0  port.o(i.prvTaskExitError)
    prvTaskExitError                         0x08003235   Thumb Code    36  port.o(i.prvTaskExitError)
    i.prvUnlockQueue                         0x0800325c   Section        0  queue.o(i.prvUnlockQueue)
    prvUnlockQueue                           0x0800325d   Thumb Code   106  queue.o(i.prvUnlockQueue)
    i.pvPortMalloc                           0x080032c8   Section        0  heap_4.o(i.pvPortMalloc)
    i.pvTaskIncrementMutexHeldCount          0x080033a0   Section        0  tasks.o(i.pvTaskIncrementMutexHeldCount)
    i.pxPortInitialiseStack                  0x080033b8   Section        0  port.o(i.pxPortInitialiseStack)
    i.update_freq_calc                       0x080033dc   Section        0  driver_fmu.o(i.update_freq_calc)
    i.uxListRemove                           0x08003408   Section        0  list.o(i.uxListRemove)
    i.uxQueueMessagesWaiting                 0x0800342e   Section        0  queue.o(i.uxQueueMessagesWaiting)
    i.vApplicationGetIdleTaskMemory          0x08003454   Section        0  freertos.o(i.vApplicationGetIdleTaskMemory)
    i.vListInitialise                        0x08003468   Section        0  list.o(i.vListInitialise)
    i.vListInitialiseItem                    0x0800347e   Section        0  list.o(i.vListInitialiseItem)
    i.vListInsert                            0x08003484   Section        0  list.o(i.vListInsert)
    i.vListInsertEnd                         0x080034b4   Section        0  list.o(i.vListInsertEnd)
    i.vPortEnterCritical                     0x080034cc   Section        0  port.o(i.vPortEnterCritical)
    i.vPortExitCritical                      0x0800350c   Section        0  port.o(i.vPortExitCritical)
    i.vPortFree                              0x08003534   Section        0  heap_4.o(i.vPortFree)
    i.vPortSetupTimerInterrupt               0x08003590   Section        0  port.o(i.vPortSetupTimerInterrupt)
    i.vPortValidateInterruptPriority         0x080035b4   Section        0  port.o(i.vPortValidateInterruptPriority)
    i.vTaskDelay                             0x08003608   Section        0  tasks.o(i.vTaskDelay)
    i.vTaskDelayUntil                        0x08003654   Section        0  tasks.o(i.vTaskDelayUntil)
    i.vTaskInternalSetTimeOutState           0x080036e0   Section        0  tasks.o(i.vTaskInternalSetTimeOutState)
    i.vTaskMissedYield                       0x080036f0   Section        0  tasks.o(i.vTaskMissedYield)
    i.vTaskPlaceOnEventList                  0x080036fc   Section        0  tasks.o(i.vTaskPlaceOnEventList)
    i.vTaskPriorityDisinheritAfterTimeout    0x0800372c   Section        0  tasks.o(i.vTaskPriorityDisinheritAfterTimeout)
    i.vTaskStartScheduler                    0x080037d4   Section        0  tasks.o(i.vTaskStartScheduler)
    i.vTaskSuspendAll                        0x08003840   Section        0  tasks.o(i.vTaskSuspendAll)
    i.vTaskSwitchContext                     0x08003850   Section        0  tasks.o(i.vTaskSwitchContext)
    i.xPortGetFreeHeapSize                   0x080038ac   Section        0  heap_4.o(i.xPortGetFreeHeapSize)
    i.xPortStartScheduler                    0x080038b8   Section        0  port.o(i.xPortStartScheduler)
    i.xQueueGenericCreate                    0x08003960   Section        0  queue.o(i.xQueueGenericCreate)
    i.xQueueGenericReset                     0x080039a8   Section        0  queue.o(i.xQueueGenericReset)
    i.xQueueGenericSend                      0x08003a30   Section        0  queue.o(i.xQueueGenericSend)
    i.xQueueGenericSendFromISR               0x08003b90   Section        0  queue.o(i.xQueueGenericSendFromISR)
    i.xQueueGiveFromISR                      0x08003c4c   Section        0  queue.o(i.xQueueGiveFromISR)
    i.xQueueReceive                          0x08003ce8   Section        0  queue.o(i.xQueueReceive)
    i.xQueueSemaphoreTake                    0x08003e20   Section        0  queue.o(i.xQueueSemaphoreTake)
    i.xTaskCheckForTimeOut                   0x08003f98   Section        0  tasks.o(i.xTaskCheckForTimeOut)
    i.xTaskCreate                            0x0800400c   Section        0  tasks.o(i.xTaskCreate)
    i.xTaskCreateStatic                      0x08004066   Section        0  tasks.o(i.xTaskCreateStatic)
    i.xTaskGetSchedulerState                 0x080040bc   Section        0  tasks.o(i.xTaskGetSchedulerState)
    i.xTaskGetTickCount                      0x080040d8   Section        0  tasks.o(i.xTaskGetTickCount)
    i.xTaskIncrementTick                     0x080040e4   Section        0  tasks.o(i.xTaskIncrementTick)
    i.xTaskPriorityDisinherit                0x080041ac   Section        0  tasks.o(i.xTaskPriorityDisinherit)
    i.xTaskPriorityInherit                   0x08004244   Section        0  tasks.o(i.xTaskPriorityInherit)
    i.xTaskRemoveFromEventList               0x080042d8   Section        0  tasks.o(i.xTaskRemoveFromEventList)
    i.xTaskResumeAll                         0x0800434c   Section        0  tasks.o(i.xTaskResumeAll)
    .constdata                               0x08004410   Section       28  freertos.o(.constdata)
    .constdata                               0x0800442c   Section       16  system_stm32f1xx.o(.constdata)
    .constdata                               0x0800443c   Section        8  system_stm32f1xx.o(.constdata)
    .constdata                               0x08004444   Section     3016  driver_fmu.o(.constdata)
    mavlink_sha256_constant_256              0x08004444   Data         256  driver_fmu.o(.constdata)
    mavlink_message_crcs                     0x08004544   Data        2760  driver_fmu.o(.constdata)
    .conststring                             0x0800500c   Section       12  freertos.o(.conststring)
    .conststring                             0x08005018   Section      114  driver_fmu.o(.conststring)
    .data                                    0x20000000   Section        4  freertos.o(.data)
    .data                                    0x20000004   Section       12  stm32f1xx_hal.o(.data)
    .data                                    0x20000010   Section        4  system_stm32f1xx.o(.data)
    .data                                    0x20000014   Section       60  tasks.o(.data)
    pxDelayedTaskList                        0x20000018   Data           4  tasks.o(.data)
    pxOverflowDelayedTaskList                0x2000001c   Data           4  tasks.o(.data)
    uxDeletedTasksWaitingCleanUp             0x20000020   Data           4  tasks.o(.data)
    uxCurrentNumberOfTasks                   0x20000024   Data           4  tasks.o(.data)
    xTickCount                               0x20000028   Data           4  tasks.o(.data)
    uxTopReadyPriority                       0x2000002c   Data           4  tasks.o(.data)
    xSchedulerRunning                        0x20000030   Data           4  tasks.o(.data)
    uxPendedTicks                            0x20000034   Data           4  tasks.o(.data)
    xYieldPending                            0x20000038   Data           4  tasks.o(.data)
    xNumOfOverflows                          0x2000003c   Data           4  tasks.o(.data)
    uxTaskNumber                             0x20000040   Data           4  tasks.o(.data)
    xNextTaskUnblockTime                     0x20000044   Data           4  tasks.o(.data)
    xIdleTaskHandle                          0x20000048   Data           4  tasks.o(.data)
    uxSchedulerSuspended                     0x2000004c   Data           4  tasks.o(.data)
    .data                                    0x20000050   Section       24  heap_4.o(.data)
    pxEnd                                    0x20000050   Data           4  heap_4.o(.data)
    xFreeBytesRemaining                      0x20000054   Data           4  heap_4.o(.data)
    xMinimumEverFreeBytesRemaining           0x20000058   Data           4  heap_4.o(.data)
    xBlockAllocatedBit                       0x2000005c   Data           4  heap_4.o(.data)
    xStart                                   0x20000060   Data           8  heap_4.o(.data)
    .data                                    0x20000068   Section       12  port.o(.data)
    ucMaxSysCallPriority                     0x20000068   Data           1  port.o(.data)
    uxCriticalNesting                        0x2000006c   Data           4  port.o(.data)
    ulMaxPRIGROUPValue                       0x20000070   Data           4  port.o(.data)
    .data                                    0x20000074   Section        8  com.o(.data)
    xHigherPriorityTaskWoken                 0x20000074   Data           4  com.o(.data)
    xHigherPriorityTaskWoken                 0x20000078   Data           4  com.o(.data)
    .data                                    0x2000007c   Section      116  driver_fmu.o(.data)
    .data                                    0x200000f0   Section        4  stdout.o(.data)
    .bss                                     0x200000f4   Section      596  freertos.o(.bss)
    xIdleTaskTCBBuffer                       0x200000f4   Data          84  freertos.o(.bss)
    xIdleStack                               0x20000148   Data         512  freertos.o(.bss)
    .bss                                     0x20000348   Section      272  usart.o(.bss)
    .bss                                     0x20000458   Section       72  stm32f1xx_hal_timebase_tim.o(.bss)
    .bss                                     0x200004a0   Section      240  tasks.o(.bss)
    pxReadyTasksLists                        0x200004a0   Data         140  tasks.o(.bss)
    xDelayedTaskList1                        0x2000052c   Data          20  tasks.o(.bss)
    xDelayedTaskList2                        0x20000540   Data          20  tasks.o(.bss)
    xPendingReadyList                        0x20000554   Data          20  tasks.o(.bss)
    xTasksWaitingTermination                 0x20000568   Data          20  tasks.o(.bss)
    xSuspendedTaskList                       0x2000057c   Data          20  tasks.o(.bss)
    .bss                                     0x20000590   Section     8192  heap_4.o(.bss)
    ucHeap                                   0x20000590   Data        8192  heap_4.o(.bss)
    .bss                                     0x20002590   Section      412  com.o(.bss)
    .bss                                     0x2000272c   Section     1703  driver_fmu.o(.bss)
    m_mavlink_status                         0x2000272c   Data          96  driver_fmu.o(.bss)
    m_mavlink_buffer                         0x2000278c   Data        1164  driver_fmu.o(.bss)
    STACK                                    0x20002dd8   Section     1024  startup_stm32f103xb.o(STACK)

    Global Symbols

    Symbol Name                              Value     Ov Type        Size  Object(Section)

    BuildAttributes$$THM_ISAv4$P$D$K$B$S$PE$A:L22UL41UL21$X:L11$S22US41US21$IEEE1$IW$USESV6$~STKCKD$USESV7$~SHL$OTIME$ROPI$EBA8$MICROLIB$REQ8$PRES8$EABIv2 0x00000000   Number         0  anon$$obj.o ABSOLUTE
    __ARM_use_no_argv                        0x00000000   Number         0  main.o ABSOLUTE
    _printf_a                                0x00000000   Number         0  stubs.o ABSOLUTE
    _printf_c                                0x00000000   Number         0  stubs.o ABSOLUTE
    _printf_charcount                        0x00000000   Number         0  stubs.o ABSOLUTE
    _printf_d                                0x00000000   Number         0  stubs.o ABSOLUTE
    _printf_e                                0x00000000   Number         0  stubs.o ABSOLUTE
    _printf_f                                0x00000000   Number         0  stubs.o ABSOLUTE
    _printf_flags                            0x00000000   Number         0  stubs.o ABSOLUTE
    _printf_fp_dec                           0x00000000   Number         0  stubs.o ABSOLUTE
    _printf_fp_hex                           0x00000000   Number         0  stubs.o ABSOLUTE
    _printf_g                                0x00000000   Number         0  stubs.o ABSOLUTE
    _printf_i                                0x00000000   Number         0  stubs.o ABSOLUTE
    _printf_int_dec                          0x00000000   Number         0  stubs.o ABSOLUTE
    _printf_l                                0x00000000   Number         0  stubs.o ABSOLUTE
    _printf_lc                               0x00000000   Number         0  stubs.o ABSOLUTE
    _printf_ll                               0x00000000   Number         0  stubs.o ABSOLUTE
    _printf_lld                              0x00000000   Number         0  stubs.o ABSOLUTE
    _printf_lli                              0x00000000   Number         0  stubs.o ABSOLUTE
    _printf_llo                              0x00000000   Number         0  stubs.o ABSOLUTE
    _printf_llu                              0x00000000   Number         0  stubs.o ABSOLUTE
    _printf_llx                              0x00000000   Number         0  stubs.o ABSOLUTE
    _printf_longlong_dec                     0x00000000   Number         0  stubs.o ABSOLUTE
    _printf_longlong_hex                     0x00000000   Number         0  stubs.o ABSOLUTE
    _printf_longlong_oct                     0x00000000   Number         0  stubs.o ABSOLUTE
    _printf_ls                               0x00000000   Number         0  stubs.o ABSOLUTE
    _printf_mbtowc                           0x00000000   Number         0  stubs.o ABSOLUTE
    _printf_n                                0x00000000   Number         0  stubs.o ABSOLUTE
    _printf_o                                0x00000000   Number         0  stubs.o ABSOLUTE
    _printf_p                                0x00000000   Number         0  stubs.o ABSOLUTE
    _printf_percent                          0x00000000   Number         0  stubs.o ABSOLUTE
    _printf_pre_padding                      0x00000000   Number         0  stubs.o ABSOLUTE
    _printf_return_value                     0x00000000   Number         0  stubs.o ABSOLUTE
    _printf_s                                0x00000000   Number         0  stubs.o ABSOLUTE
    _printf_sizespec                         0x00000000   Number         0  stubs.o ABSOLUTE
    _printf_str                              0x00000000   Number         0  stubs.o ABSOLUTE
    _printf_truncate_signed                  0x00000000   Number         0  stubs.o ABSOLUTE
    _printf_truncate_unsigned                0x00000000   Number         0  stubs.o ABSOLUTE
    _printf_u                                0x00000000   Number         0  stubs.o ABSOLUTE
    _printf_wc                               0x00000000   Number         0  stubs.o ABSOLUTE
    _printf_wctomb                           0x00000000   Number         0  stubs.o ABSOLUTE
    _printf_widthprec                        0x00000000   Number         0  stubs.o ABSOLUTE
    _printf_x                                0x00000000   Number         0  stubs.o ABSOLUTE
    __cpp_initialize__aeabi_                  - Undefined Weak Reference
    __cxa_finalize                            - Undefined Weak Reference
    __decompress                              - Undefined Weak Reference
    _clock_init                               - Undefined Weak Reference
    _microlib_exit                            - Undefined Weak Reference
    __Vectors_Size                           0x000000ec   Number         0  startup_stm32f103xb.o ABSOLUTE
    __Vectors                                0x08000000   Data           4  startup_stm32f103xb.o(RESET)
    __Vectors_End                            0x080000ec   Data           0  startup_stm32f103xb.o(RESET)
    __main                                   0x080000ed   Thumb Code     0  entry.o(.ARM.Collect$$$$00000000)
    _main_stk                                0x080000ed   Thumb Code     0  entry2.o(.ARM.Collect$$$$00000001)
    _main_scatterload                        0x080000f1   Thumb Code     0  entry5.o(.ARM.Collect$$$$00000004)
    __main_after_scatterload                 0x080000f5   Thumb Code     0  entry5.o(.ARM.Collect$$$$00000004)
    _main_clock                              0x080000f5   Thumb Code     0  entry7b.o(.ARM.Collect$$$$00000008)
    _main_cpp_init                           0x080000f5   Thumb Code     0  entry8b.o(.ARM.Collect$$$$0000000A)
    _main_init                               0x080000f5   Thumb Code     0  entry9a.o(.ARM.Collect$$$$0000000B)
    __rt_final_cpp                           0x080000fd   Thumb Code     0  entry10a.o(.ARM.Collect$$$$0000000D)
    __rt_final_exit                          0x080000fd   Thumb Code     0  entry11a.o(.ARM.Collect$$$$0000000F)
    SVC_Handler                              0x08000101   Thumb Code    32  port.o(.emb_text)
    __asm___6_port_c_39a90d8d__prvStartFirstTask 0x08000125   Thumb Code    28  port.o(.emb_text)
    PendSV_Handler                           0x08000145   Thumb Code    72  port.o(.emb_text)
    vPortGetIPSR                             0x08000191   Thumb Code     6  port.o(.emb_text)
    Reset_Handler                            0x08000199   Thumb Code     8  startup_stm32f103xb.o(.text)
    ADC1_2_IRQHandler                        0x080001b3   Thumb Code     0  startup_stm32f103xb.o(.text)
    CAN1_RX1_IRQHandler                      0x080001b3   Thumb Code     0  startup_stm32f103xb.o(.text)
    CAN1_SCE_IRQHandler                      0x080001b3   Thumb Code     0  startup_stm32f103xb.o(.text)
    DMA1_Channel1_IRQHandler                 0x080001b3   Thumb Code     0  startup_stm32f103xb.o(.text)
    DMA1_Channel2_IRQHandler                 0x080001b3   Thumb Code     0  startup_stm32f103xb.o(.text)
    DMA1_Channel3_IRQHandler                 0x080001b3   Thumb Code     0  startup_stm32f103xb.o(.text)
    DMA1_Channel4_IRQHandler                 0x080001b3   Thumb Code     0  startup_stm32f103xb.o(.text)
    DMA1_Channel5_IRQHandler                 0x080001b3   Thumb Code     0  startup_stm32f103xb.o(.text)
    EXTI0_IRQHandler                         0x080001b3   Thumb Code     0  startup_stm32f103xb.o(.text)
    EXTI15_10_IRQHandler                     0x080001b3   Thumb Code     0  startup_stm32f103xb.o(.text)
    EXTI1_IRQHandler                         0x080001b3   Thumb Code     0  startup_stm32f103xb.o(.text)
    EXTI2_IRQHandler                         0x080001b3   Thumb Code     0  startup_stm32f103xb.o(.text)
    EXTI3_IRQHandler                         0x080001b3   Thumb Code     0  startup_stm32f103xb.o(.text)
    EXTI4_IRQHandler                         0x080001b3   Thumb Code     0  startup_stm32f103xb.o(.text)
    EXTI9_5_IRQHandler                       0x080001b3   Thumb Code     0  startup_stm32f103xb.o(.text)
    FLASH_IRQHandler                         0x080001b3   Thumb Code     0  startup_stm32f103xb.o(.text)
    I2C1_ER_IRQHandler                       0x080001b3   Thumb Code     0  startup_stm32f103xb.o(.text)
    I2C1_EV_IRQHandler                       0x080001b3   Thumb Code     0  startup_stm32f103xb.o(.text)
    I2C2_ER_IRQHandler                       0x080001b3   Thumb Code     0  startup_stm32f103xb.o(.text)
    I2C2_EV_IRQHandler                       0x080001b3   Thumb Code     0  startup_stm32f103xb.o(.text)
    PVD_IRQHandler                           0x080001b3   Thumb Code     0  startup_stm32f103xb.o(.text)
    RCC_IRQHandler                           0x080001b3   Thumb Code     0  startup_stm32f103xb.o(.text)
    RTC_Alarm_IRQHandler                     0x080001b3   Thumb Code     0  startup_stm32f103xb.o(.text)
    RTC_IRQHandler                           0x080001b3   Thumb Code     0  startup_stm32f103xb.o(.text)
    SPI1_IRQHandler                          0x080001b3   Thumb Code     0  startup_stm32f103xb.o(.text)
    SPI2_IRQHandler                          0x080001b3   Thumb Code     0  startup_stm32f103xb.o(.text)
    TAMPER_IRQHandler                        0x080001b3   Thumb Code     0  startup_stm32f103xb.o(.text)
    TIM1_BRK_IRQHandler                      0x080001b3   Thumb Code     0  startup_stm32f103xb.o(.text)
    TIM1_CC_IRQHandler                       0x080001b3   Thumb Code     0  startup_stm32f103xb.o(.text)
    TIM1_TRG_COM_IRQHandler                  0x080001b3   Thumb Code     0  startup_stm32f103xb.o(.text)
    TIM2_IRQHandler                          0x080001b3   Thumb Code     0  startup_stm32f103xb.o(.text)
    TIM3_IRQHandler                          0x080001b3   Thumb Code     0  startup_stm32f103xb.o(.text)
    TIM4_IRQHandler                          0x080001b3   Thumb Code     0  startup_stm32f103xb.o(.text)
    USART1_IRQHandler                        0x080001b3   Thumb Code     0  startup_stm32f103xb.o(.text)
    USART3_IRQHandler                        0x080001b3   Thumb Code     0  startup_stm32f103xb.o(.text)
    USBWakeUp_IRQHandler                     0x080001b3   Thumb Code     0  startup_stm32f103xb.o(.text)
    USB_HP_CAN1_TX_IRQHandler                0x080001b3   Thumb Code     0  startup_stm32f103xb.o(.text)
    USB_LP_CAN1_RX0_IRQHandler               0x080001b3   Thumb Code     0  startup_stm32f103xb.o(.text)
    WWDG_IRQHandler                          0x080001b3   Thumb Code     0  startup_stm32f103xb.o(.text)
    __aeabi_llsr                             0x080001bd   Thumb Code    32  llushr.o(.text)
    _ll_ushift_r                             0x080001bd   Thumb Code     0  llushr.o(.text)
    __aeabi_memcpy                           0x080001dd   Thumb Code    36  memcpya.o(.text)
    __aeabi_memcpy4                          0x080001dd   Thumb Code     0  memcpya.o(.text)
    __aeabi_memcpy8                          0x080001dd   Thumb Code     0  memcpya.o(.text)
    __aeabi_memset                           0x08000201   Thumb Code    14  memseta.o(.text)
    __aeabi_memset4                          0x08000201   Thumb Code     0  memseta.o(.text)
    __aeabi_memset8                          0x08000201   Thumb Code     0  memseta.o(.text)
    __aeabi_memclr                           0x0800020f   Thumb Code     4  memseta.o(.text)
    __aeabi_memclr4                          0x0800020f   Thumb Code     0  memseta.o(.text)
    __aeabi_memclr8                          0x0800020f   Thumb Code     0  memseta.o(.text)
    memset                                   0x08000213   Thumb Code    18  memseta.o(.text)
    strlen                                   0x08000225   Thumb Code    14  strlen.o(.text)
    memcmp                                   0x08000233   Thumb Code    26  memcmp.o(.text)
    __aeabi_fmul                             0x0800024d   Thumb Code   100  fmul.o(.text)
    __aeabi_fdiv                             0x080002b1   Thumb Code   124  fdiv.o(.text)
    __aeabi_ui2f                             0x0800032d   Thumb Code    10  ffltui.o(.text)
    __aeabi_uldivmod                         0x08000337   Thumb Code    98  uldiv.o(.text)
    __I$use$fp                               0x08000399   Thumb Code     0  iusefp.o(.text)
    _float_round                             0x08000399   Thumb Code    18  fepilogue.o(.text)
    _float_epilogue                          0x080003ab   Thumb Code    92  fepilogue.o(.text)
    __scatterload                            0x08000409   Thumb Code    28  init.o(.text)
    __scatterload_rt2                        0x08000409   Thumb Code     0  init.o(.text)
    __aeabi_llsl                             0x0800042d   Thumb Code    30  llshl.o(.text)
    _ll_shift_l                              0x0800042d   Thumb Code     0  llshl.o(.text)
    BusFault_Handler                         0x0800044b   Thumb Code     2  stm32f1xx_it.o(i.BusFault_Handler)
    COM_RX_task                              0x0800044d   Thumb Code    32  com.o(i.COM_RX_task)
    COM_TX_task                              0x0800046d   Thumb Code    86  com.o(i.COM_TX_task)
    DMA1_Channel6_IRQHandler                 0x080004c5   Thumb Code     6  stm32f1xx_it.o(i.DMA1_Channel6_IRQHandler)
    DMA1_Channel7_IRQHandler                 0x080004d1   Thumb Code     6  stm32f1xx_it.o(i.DMA1_Channel7_IRQHandler)
    DebugMon_Handler                         0x08000507   Thumb Code     2  stm32f1xx_it.o(i.DebugMon_Handler)
    Error_Handler                            0x08000509   Thumb Code     4  main.o(i.Error_Handler)
    FMU_Init                                 0x0800050d   Thumb Code    20  driver_fmu.o(i.FMU_Init)
    FMU_decode                               0x08000539   Thumb Code   408  driver_fmu.o(i.FMU_decode)
    FMU_task                                 0x080006d9   Thumb Code    78  driver_fmu.o(i.FMU_task)
    HAL_DMA_Abort                            0x08000731   Thumb Code    70  stm32f1xx_hal_dma.o(i.HAL_DMA_Abort)
    HAL_DMA_Abort_IT                         0x08000779   Thumb Code   148  stm32f1xx_hal_dma.o(i.HAL_DMA_Abort_IT)
    HAL_DMA_IRQHandler                       0x08000811   Thumb Code   316  stm32f1xx_hal_dma.o(i.HAL_DMA_IRQHandler)
    HAL_DMA_Init                             0x08000965   Thumb Code    84  stm32f1xx_hal_dma.o(i.HAL_DMA_Init)
    HAL_DMA_Start_IT                         0x080009c1   Thumb Code   112  stm32f1xx_hal_dma.o(i.HAL_DMA_Start_IT)
    HAL_GPIO_Init                            0x08000a31   Thumb Code   446  stm32f1xx_hal_gpio.o(i.HAL_GPIO_Init)
    HAL_GPIO_WritePin                        0x08000c11   Thumb Code    10  stm32f1xx_hal_gpio.o(i.HAL_GPIO_WritePin)
    HAL_GetTick                              0x08000c1d   Thumb Code     6  stm32f1xx_hal.o(i.HAL_GetTick)
    HAL_IncTick                              0x08000c29   Thumb Code    12  stm32f1xx_hal.o(i.HAL_IncTick)
    HAL_Init                                 0x08000c39   Thumb Code    32  stm32f1xx_hal.o(i.HAL_Init)
    HAL_InitTick                             0x08000c5d   Thumb Code    98  stm32f1xx_hal_timebase_tim.o(i.HAL_InitTick)
    HAL_MspInit                              0x08000cd1   Thumb Code    62  stm32f1xx_hal_msp.o(i.HAL_MspInit)
    HAL_NVIC_EnableIRQ                       0x08000d19   Thumb Code    26  stm32f1xx_hal_cortex.o(i.HAL_NVIC_EnableIRQ)
    HAL_NVIC_SetPriority                     0x08000d35   Thumb Code    60  stm32f1xx_hal_cortex.o(i.HAL_NVIC_SetPriority)
    HAL_NVIC_SetPriorityGrouping             0x08000d75   Thumb Code    26  stm32f1xx_hal_cortex.o(i.HAL_NVIC_SetPriorityGrouping)
    HAL_RCC_ClockConfig                      0x08000d99   Thumb Code   280  stm32f1xx_hal_rcc.o(i.HAL_RCC_ClockConfig)
    HAL_RCC_GetClockConfig                   0x08000ec5   Thumb Code    54  stm32f1xx_hal_rcc.o(i.HAL_RCC_GetClockConfig)
    HAL_RCC_GetPCLK1Freq                     0x08000f05   Thumb Code    20  stm32f1xx_hal_rcc.o(i.HAL_RCC_GetPCLK1Freq)
    HAL_RCC_GetPCLK2Freq                     0x08000f25   Thumb Code    20  stm32f1xx_hal_rcc.o(i.HAL_RCC_GetPCLK2Freq)
    HAL_RCC_GetSysClockFreq                  0x08000f45   Thumb Code    74  stm32f1xx_hal_rcc.o(i.HAL_RCC_GetSysClockFreq)
    HAL_RCC_OscConfig                        0x08000fb1   Thumb Code   778  stm32f1xx_hal_rcc.o(i.HAL_RCC_OscConfig)
    HAL_TIMEx_BreakCallback                  0x080012d1   Thumb Code     2  stm32f1xx_hal_tim_ex.o(i.HAL_TIMEx_BreakCallback)
    HAL_TIMEx_CommutCallback                 0x080012d3   Thumb Code     2  stm32f1xx_hal_tim_ex.o(i.HAL_TIMEx_CommutCallback)
    HAL_TIM_Base_Init                        0x080012d5   Thumb Code    90  stm32f1xx_hal_tim.o(i.HAL_TIM_Base_Init)
    HAL_TIM_Base_MspInit                     0x0800132f   Thumb Code     2  stm32f1xx_hal_tim.o(i.HAL_TIM_Base_MspInit)
    HAL_TIM_Base_Start_IT                    0x08001331   Thumb Code    76  stm32f1xx_hal_tim.o(i.HAL_TIM_Base_Start_IT)
    HAL_TIM_IC_CaptureCallback               0x08001389   Thumb Code     2  stm32f1xx_hal_tim.o(i.HAL_TIM_IC_CaptureCallback)
    HAL_TIM_IRQHandler                       0x0800138b   Thumb Code   358  stm32f1xx_hal_tim.o(i.HAL_TIM_IRQHandler)
    HAL_TIM_OC_DelayElapsedCallback          0x080014f1   Thumb Code     2  stm32f1xx_hal_tim.o(i.HAL_TIM_OC_DelayElapsedCallback)
    HAL_TIM_PWM_PulseFinishedCallback        0x080014f3   Thumb Code     2  stm32f1xx_hal_tim.o(i.HAL_TIM_PWM_PulseFinishedCallback)
    HAL_TIM_PeriodElapsedCallback            0x080014f5   Thumb Code    14  main.o(i.HAL_TIM_PeriodElapsedCallback)
    HAL_TIM_TriggerCallback                  0x08001509   Thumb Code     2  stm32f1xx_hal_tim.o(i.HAL_TIM_TriggerCallback)
    HAL_UARTEx_ReceiveToIdle_DMA             0x0800150b   Thumb Code    74  stm32f1xx_hal_uart.o(i.HAL_UARTEx_ReceiveToIdle_DMA)
    HAL_UARTEx_RxEventCallback               0x08001555   Thumb Code    94  com.o(i.HAL_UARTEx_RxEventCallback)
    HAL_UART_ErrorCallback                   0x080015c5   Thumb Code    48  com.o(i.HAL_UART_ErrorCallback)
    HAL_UART_IRQHandler                      0x08001601   Thumb Code   520  stm32f1xx_hal_uart.o(i.HAL_UART_IRQHandler)
    HAL_UART_Init                            0x0800180d   Thumb Code    98  stm32f1xx_hal_uart.o(i.HAL_UART_Init)
    HAL_UART_MspInit                         0x08001871   Thumb Code   268  usart.o(i.HAL_UART_MspInit)
    HAL_UART_RxCpltCallback                  0x08001995   Thumb Code     2  com.o(i.HAL_UART_RxCpltCallback)
    HAL_UART_RxHalfCpltCallback              0x08001997   Thumb Code     2  stm32f1xx_hal_uart.o(i.HAL_UART_RxHalfCpltCallback)
    HAL_UART_Transmit                        0x08001999   Thumb Code   178  stm32f1xx_hal_uart.o(i.HAL_UART_Transmit)
    HAL_UART_Transmit_DMA                    0x08001a4d   Thumb Code   114  stm32f1xx_hal_uart.o(i.HAL_UART_Transmit_DMA)
    HAL_UART_TxCpltCallback                  0x08001acd   Thumb Code    48  com.o(i.HAL_UART_TxCpltCallback)
    HAL_UART_TxHalfCpltCallback              0x08001b0d   Thumb Code     2  stm32f1xx_hal_uart.o(i.HAL_UART_TxHalfCpltCallback)
    HardFault_Handler                        0x08001b0f   Thumb Code     2  stm32f1xx_it.o(i.HardFault_Handler)
    Init_COM_with_DMA_idle                   0x08001b11   Thumb Code   236  com.o(i.Init_COM_with_DMA_idle)
    MX_DMA_Init                              0x08001c55   Thumb Code    56  dma.o(i.MX_DMA_Init)
    MX_FREERTOS_Init                         0x08001c91   Thumb Code    30  freertos.o(i.MX_FREERTOS_Init)
    MX_GPIO_Init                             0x08001cb9   Thumb Code   180  gpio.o(i.MX_GPIO_Init)
    MX_USART1_UART_Init                      0x08001d7d   Thumb Code    48  usart.o(i.MX_USART1_UART_Init)
    MX_USART2_UART_Init                      0x08001db5   Thumb Code    48  usart.o(i.MX_USART2_UART_Init)
    MemManage_Handler                        0x08001ded   Thumb Code     2  stm32f1xx_it.o(i.MemManage_Handler)
    NMI_Handler                              0x08001def   Thumb Code     2  stm32f1xx_it.o(i.NMI_Handler)
    StartDefaultTask                         0x08001df1   Thumb Code    64  freertos.o(i.StartDefaultTask)
    SysTick_Handler                          0x08001e7d   Thumb Code    38  port.o(i.SysTick_Handler)
    SystemClock_Config                       0x08001ea9   Thumb Code    94  main.o(i.SystemClock_Config)
    SystemInit                               0x08001f07   Thumb Code     2  system_stm32f1xx.o(i.SystemInit)
    TIM1_UP_IRQHandler                       0x08001f09   Thumb Code     6  stm32f1xx_it.o(i.TIM1_UP_IRQHandler)
    TIM_Base_SetConfig                       0x08001f15   Thumb Code    94  stm32f1xx_hal_tim.o(i.TIM_Base_SetConfig)
    UART_Start_Receive_DMA                   0x08002239   Thumb Code    98  stm32f1xx_hal_uart.o(i.UART_Start_Receive_DMA)
    USART2_IRQHandler                        0x0800230d   Thumb Code     6  stm32f1xx_it.o(i.USART2_IRQHandler)
    UsageFault_Handler                       0x08002319   Thumb Code     2  stm32f1xx_it.o(i.UsageFault_Handler)
    __0printf$4                              0x0800231d   Thumb Code    22  printf4.o(i.__0printf$4)
    __1printf$4                              0x0800231d   Thumb Code     0  printf4.o(i.__0printf$4)
    __2printf                                0x0800231d   Thumb Code     0  printf4.o(i.__0printf$4)
    __scatterload_copy                       0x0800235d   Thumb Code    14  handlers.o(i.__scatterload_copy)
    __scatterload_null                       0x0800236b   Thumb Code     2  handlers.o(i.__scatterload_null)
    __scatterload_zeroinit                   0x0800236d   Thumb Code    14  handlers.o(i.__scatterload_zeroinit)
    degrees                                  0x080025c5   Thumb Code     6  driver_fmu.o(i.degrees)
    fputc                                    0x080025d1   Thumb Code    20  main.o(i.fputc)
    main                                     0x080025e9   Thumb Code    34  main.o(i.main)
    osDelay                                  0x08002cf5   Thumb Code    14  cmsis_os.o(i.osDelay)
    osKernelStart                            0x08002d03   Thumb Code    10  cmsis_os.o(i.osKernelStart)
    osThreadCreate                           0x08002d0d   Thumb Code    84  cmsis_os.o(i.osThreadCreate)
    process_channels                         0x08002d61   Thumb Code   240  driver_fmu.o(i.process_channels)
    pvPortMalloc                             0x080032c9   Thumb Code   210  heap_4.o(i.pvPortMalloc)
    pvTaskIncrementMutexHeldCount            0x080033a1   Thumb Code    18  tasks.o(i.pvTaskIncrementMutexHeldCount)
    pxPortInitialiseStack                    0x080033b9   Thumb Code    32  port.o(i.pxPortInitialiseStack)
    update_freq_calc                         0x080033dd   Thumb Code    38  driver_fmu.o(i.update_freq_calc)
    uxListRemove                             0x08003409   Thumb Code    38  list.o(i.uxListRemove)
    uxQueueMessagesWaiting                   0x0800342f   Thumb Code    36  queue.o(i.uxQueueMessagesWaiting)
    vApplicationGetIdleTaskMemory            0x08003455   Thumb Code    16  freertos.o(i.vApplicationGetIdleTaskMemory)
    vListInitialise                          0x08003469   Thumb Code    22  list.o(i.vListInitialise)
    vListInitialiseItem                      0x0800347f   Thumb Code     6  list.o(i.vListInitialiseItem)
    vListInsert                              0x08003485   Thumb Code    48  list.o(i.vListInsert)
    vListInsertEnd                           0x080034b5   Thumb Code    24  list.o(i.vListInsertEnd)
    vPortEnterCritical                       0x080034cd   Thumb Code    54  port.o(i.vPortEnterCritical)
    vPortExitCritical                        0x0800350d   Thumb Code    34  port.o(i.vPortExitCritical)
    vPortFree                                0x08003535   Thumb Code    88  heap_4.o(i.vPortFree)
    vPortSetupTimerInterrupt                 0x08003591   Thumb Code    32  port.o(i.vPortSetupTimerInterrupt)
    vPortValidateInterruptPriority           0x080035b5   Thumb Code    74  port.o(i.vPortValidateInterruptPriority)
    vTaskDelay                               0x08003609   Thumb Code    66  tasks.o(i.vTaskDelay)
    vTaskDelayUntil                          0x08003655   Thumb Code   132  tasks.o(i.vTaskDelayUntil)
    vTaskInternalSetTimeOutState             0x080036e1   Thumb Code    12  tasks.o(i.vTaskInternalSetTimeOutState)
    vTaskMissedYield                         0x080036f1   Thumb Code     8  tasks.o(i.vTaskMissedYield)
    vTaskPlaceOnEventList                    0x080036fd   Thumb Code    44  tasks.o(i.vTaskPlaceOnEventList)
    vTaskPriorityDisinheritAfterTimeout      0x0800372d   Thumb Code   160  tasks.o(i.vTaskPriorityDisinheritAfterTimeout)
    vTaskStartScheduler                      0x080037d5   Thumb Code    90  tasks.o(i.vTaskStartScheduler)
    vTaskSuspendAll                          0x08003841   Thumb Code    10  tasks.o(i.vTaskSuspendAll)
    vTaskSwitchContext                       0x08003851   Thumb Code    82  tasks.o(i.vTaskSwitchContext)
    xPortGetFreeHeapSize                     0x080038ad   Thumb Code     6  heap_4.o(i.xPortGetFreeHeapSize)
    xPortStartScheduler                      0x080038b9   Thumb Code   154  port.o(i.xPortStartScheduler)
    xQueueGenericCreate                      0x08003961   Thumb Code    72  queue.o(i.xQueueGenericCreate)
    xQueueGenericReset                       0x080039a9   Thumb Code   132  queue.o(i.xQueueGenericReset)
    xQueueGenericSend                        0x08003a31   Thumb Code   346  queue.o(i.xQueueGenericSend)
    xQueueGenericSendFromISR                 0x08003b91   Thumb Code   188  queue.o(i.xQueueGenericSendFromISR)
    xQueueGiveFromISR                        0x08003c4d   Thumb Code   156  queue.o(i.xQueueGiveFromISR)
    xQueueReceive                            0x08003ce9   Thumb Code   308  queue.o(i.xQueueReceive)
    xQueueSemaphoreTake                      0x08003e21   Thumb Code   372  queue.o(i.xQueueSemaphoreTake)
    xTaskCheckForTimeOut                     0x08003f99   Thumb Code   112  tasks.o(i.xTaskCheckForTimeOut)
    xTaskCreate                              0x0800400d   Thumb Code    90  tasks.o(i.xTaskCreate)
    xTaskCreateStatic                        0x08004067   Thumb Code    86  tasks.o(i.xTaskCreateStatic)
    xTaskGetSchedulerState                   0x080040bd   Thumb Code    22  tasks.o(i.xTaskGetSchedulerState)
    xTaskGetTickCount                        0x080040d9   Thumb Code     6  tasks.o(i.xTaskGetTickCount)
    xTaskIncrementTick                       0x080040e5   Thumb Code   192  tasks.o(i.xTaskIncrementTick)
    xTaskPriorityDisinherit                  0x080041ad   Thumb Code   144  tasks.o(i.xTaskPriorityDisinherit)
    xTaskPriorityInherit                     0x08004245   Thumb Code   138  tasks.o(i.xTaskPriorityInherit)
    xTaskRemoveFromEventList                 0x080042d9   Thumb Code   108  tasks.o(i.xTaskRemoveFromEventList)
    xTaskResumeAll                           0x0800434d   Thumb Code   182  tasks.o(i.xTaskResumeAll)
    AHBPrescTable                            0x0800442c   Data          16  system_stm32f1xx.o(.constdata)
    APBPrescTable                            0x0800443c   Data           8  system_stm32f1xx.o(.constdata)
    Region$$Table$$Base                      0x0800508c   Number         0  anon$$obj.o(Region$$Table)
    Region$$Table$$Limit                     0x080050ac   Number         0  anon$$obj.o(Region$$Table)
    defaultTaskHandle                        0x20000000   Data           4  freertos.o(.data)
    uwTickFreq                               0x20000004   Data           1  stm32f1xx_hal.o(.data)
    uwTickPrio                               0x20000008   Data           4  stm32f1xx_hal.o(.data)
    uwTick                                   0x2000000c   Data           4  stm32f1xx_hal.o(.data)
    SystemCoreClock                          0x20000010   Data           4  system_stm32f1xx.o(.data)
    pxCurrentTCB                             0x20000014   Data           4  tasks.o(.data)
    already_got_heartbeat                    0x2000007c   Data           1  driver_fmu.o(.data)
    already_request_mav_stream               0x2000007d   Data           1  driver_fmu.o(.data)
    current_flight_mode                      0x2000007e   Data           1  driver_fmu.o(.data)
    enable                                   0x2000007f   Data           1  driver_fmu.o(.data)
    qian                                     0x20000080   Data           1  driver_fmu.o(.data)
    hou                                      0x20000081   Data           1  driver_fmu.o(.data)
    zuo                                      0x20000082   Data           1  driver_fmu.o(.data)
    you                                      0x20000083   Data           1  driver_fmu.o(.data)
    paotou1                                  0x20000084   Data           1  driver_fmu.o(.data)
    paotou2                                  0x20000085   Data           1  driver_fmu.o(.data)
    paotou3                                  0x20000086   Data           1  driver_fmu.o(.data)
    paotou4                                  0x20000087   Data           1  driver_fmu.o(.data)
    all                                      0x20000088   Data           1  driver_fmu.o(.data)
    number                                   0x20000089   Data           1  driver_fmu.o(.data)
    speed_north_cm_s                         0x2000008a   Data           2  driver_fmu.o(.data)
    speed_east_cm_s                          0x2000008c   Data           2  driver_fmu.o(.data)
    speed_down_cm_s                          0x2000008e   Data           2  driver_fmu.o(.data)
    roll_deg                                 0x20000090   Data           4  driver_fmu.o(.data)
    pitch_deg                                0x20000094   Data           4  driver_fmu.o(.data)
    yaw_deg                                  0x20000098   Data           4  driver_fmu.o(.data)
    latitude                                 0x2000009c   Data           4  driver_fmu.o(.data)
    longitude                                0x200000a0   Data           4  driver_fmu.o(.data)
    alt_msl_mm                               0x200000a4   Data           4  driver_fmu.o(.data)
    alt_above_home_mm                        0x200000a8   Data           4  driver_fmu.o(.data)
    chan                                     0x200000ac   Data           4  driver_fmu.o(.data)
    channels                                 0x200000b0   Data          64  driver_fmu.o(.data)
    __stdout                                 0x200000f0   Data           4  stdout.o(.data)
    huart1                                   0x20000348   Data          68  usart.o(.bss)
    huart2                                   0x2000038c   Data          68  usart.o(.bss)
    hdma_usart2_rx                           0x200003d0   Data          68  usart.o(.bss)
    hdma_usart2_tx                           0x20000414   Data          68  usart.o(.bss)
    htim1                                    0x20000458   Data          72  stm32f1xx_hal_timebase_tim.o(.bss)
    COM1                                     0x20002590   Data         412  com.o(.bss)
    heartbeat                                0x20002c18   Data          12  driver_fmu.o(.bss)
    attitude                                 0x20002c24   Data          28  driver_fmu.o(.bss)
    global_position_int                      0x20002c40   Data          28  driver_fmu.o(.bss)
    paotou_mavlink                           0x20002c5c   Data          10  driver_fmu.o(.bss)
    freq_calc_heartbeat                      0x20002c68   Data          12  driver_fmu.o(.bss)
    freq_calc_attitude                       0x20002c74   Data          12  driver_fmu.o(.bss)
    freq_calc_global_position_int            0x20002c80   Data          12  driver_fmu.o(.bss)
    freq_calc_paotou_mavlink                 0x20002c8c   Data          12  driver_fmu.o(.bss)
    status                                   0x20002c98   Data          24  driver_fmu.o(.bss)
    rec_mav_msg                              0x20002cb0   Data         291  driver_fmu.o(.bss)
    __initial_sp                             0x200031d8   Data           0  startup_stm32f103xb.o(STACK)



==============================================================================

Memory Map of the image

  Image Entry point : 0x080000ed

  Load Region LR_IROM1 (Base: 0x08000000, Size: 0x000051a0, Max: 0x00010000, ABSOLUTE)

    Execution Region ER_IROM1 (Base: 0x08000000, Size: 0x000050ac, Max: 0x00010000, ABSOLUTE)

    Base Addr    Size         Type   Attr      Idx    E Section Name        Object

    0x08000000   0x000000ec   Data   RO            3    RESET               startup_stm32f103xb.o
    0x080000ec   0x00000000   Code   RO         5131  * .ARM.Collect$$$$00000000  mc_w.l(entry.o)
    0x080000ec   0x00000004   Code   RO         5415    .ARM.Collect$$$$00000001  mc_w.l(entry2.o)
    0x080000f0   0x00000004   Code   RO         5418    .ARM.Collect$$$$00000004  mc_w.l(entry5.o)
    0x080000f4   0x00000000   Code   RO         5420    .ARM.Collect$$$$00000008  mc_w.l(entry7b.o)
    0x080000f4   0x00000000   Code   RO         5422    .ARM.Collect$$$$0000000A  mc_w.l(entry8b.o)
    0x080000f4   0x00000008   Code   RO         5423    .ARM.Collect$$$$0000000B  mc_w.l(entry9a.o)
    0x080000fc   0x00000000   Code   RO         5425    .ARM.Collect$$$$0000000D  mc_w.l(entry10a.o)
    0x080000fc   0x00000000   Code   RO         5427    .ARM.Collect$$$$0000000F  mc_w.l(entry11a.o)
    0x080000fc   0x00000004   Code   RO         5416    .ARM.Collect$$$$00002712  mc_w.l(entry2.o)
    0x08000100   0x00000096   Code   RO         4093    .emb_text           port.o
    0x08000196   0x00000002   PAD
    0x08000198   0x00000024   Code   RO            4    .text               startup_stm32f103xb.o
    0x080001bc   0x00000020   Code   RO         5134    .text               mc_w.l(llushr.o)
    0x080001dc   0x00000024   Code   RO         5136    .text               mc_w.l(memcpya.o)
    0x08000200   0x00000024   Code   RO         5140    .text               mc_w.l(memseta.o)
    0x08000224   0x0000000e   Code   RO         5142    .text               mc_w.l(strlen.o)
    0x08000232   0x0000001a   Code   RO         5144    .text               mc_w.l(memcmp.o)
    0x0800024c   0x00000064   Code   RO         5409    .text               mf_w.l(fmul.o)
    0x080002b0   0x0000007c   Code   RO         5411    .text               mf_w.l(fdiv.o)
    0x0800032c   0x0000000a   Code   RO         5413    .text               mf_w.l(ffltui.o)
    0x08000336   0x00000062   Code   RO         5432    .text               mc_w.l(uldiv.o)
    0x08000398   0x00000000   Code   RO         5434    .text               mc_w.l(iusefp.o)
    0x08000398   0x0000006e   Code   RO         5435    .text               mf_w.l(fepilogue.o)
    0x08000406   0x00000002   PAD
    0x08000408   0x00000024   Code   RO         5447    .text               mc_w.l(init.o)
    0x0800042c   0x0000001e   Code   RO         5449    .text               mc_w.l(llshl.o)
    0x0800044a   0x00000002   Code   RO          376    i.BusFault_Handler  stm32f1xx_it.o
    0x0800044c   0x00000020   Code   RO         4173    i.COM_RX_task       com.o
    0x0800046c   0x00000056   Code   RO         4174    i.COM_TX_task       com.o
    0x080004c2   0x00000002   PAD
    0x080004c4   0x0000000c   Code   RO          377    i.DMA1_Channel6_IRQHandler  stm32f1xx_it.o
    0x080004d0   0x0000000c   Code   RO          378    i.DMA1_Channel7_IRQHandler  stm32f1xx_it.o
    0x080004dc   0x0000002a   Code   RO          935    i.DMA_SetConfig     stm32f1xx_hal_dma.o
    0x08000506   0x00000002   Code   RO          379    i.DebugMon_Handler  stm32f1xx_it.o
    0x08000508   0x00000004   Code   RO           13    i.Error_Handler     main.o
    0x0800050c   0x0000002c   Code   RO         4247    i.FMU_Init          driver_fmu.o
    0x08000538   0x000001a0   Code   RO         4248    i.FMU_decode        driver_fmu.o
    0x080006d8   0x00000058   Code   RO         4249    i.FMU_task          driver_fmu.o
    0x08000730   0x00000046   Code   RO          936    i.HAL_DMA_Abort     stm32f1xx_hal_dma.o
    0x08000776   0x00000002   PAD
    0x08000778   0x00000098   Code   RO          937    i.HAL_DMA_Abort_IT  stm32f1xx_hal_dma.o
    0x08000810   0x00000154   Code   RO          941    i.HAL_DMA_IRQHandler  stm32f1xx_hal_dma.o
    0x08000964   0x0000005c   Code   RO          942    i.HAL_DMA_Init      stm32f1xx_hal_dma.o
    0x080009c0   0x00000070   Code   RO          946    i.HAL_DMA_Start_IT  stm32f1xx_hal_dma.o
    0x08000a30   0x000001e0   Code   RO          872    i.HAL_GPIO_Init     stm32f1xx_hal_gpio.o
    0x08000c10   0x0000000a   Code   RO          876    i.HAL_GPIO_WritePin  stm32f1xx_hal_gpio.o
    0x08000c1a   0x00000002   PAD
    0x08000c1c   0x0000000c   Code   RO          568    i.HAL_GetTick       stm32f1xx_hal.o
    0x08000c28   0x00000010   Code   RO          574    i.HAL_IncTick       stm32f1xx_hal.o
    0x08000c38   0x00000024   Code   RO          575    i.HAL_Init          stm32f1xx_hal.o
    0x08000c5c   0x00000074   Code   RO          482    i.HAL_InitTick      stm32f1xx_hal_timebase_tim.o
    0x08000cd0   0x00000048   Code   RO          458    i.HAL_MspInit       stm32f1xx_hal_msp.o
    0x08000d18   0x0000001a   Code   RO         1032    i.HAL_NVIC_EnableIRQ  stm32f1xx_hal_cortex.o
    0x08000d32   0x00000002   PAD
    0x08000d34   0x00000040   Code   RO         1038    i.HAL_NVIC_SetPriority  stm32f1xx_hal_cortex.o
    0x08000d74   0x00000024   Code   RO         1039    i.HAL_NVIC_SetPriorityGrouping  stm32f1xx_hal_cortex.o
    0x08000d98   0x0000012c   Code   RO          732    i.HAL_RCC_ClockConfig  stm32f1xx_hal_rcc.o
    0x08000ec4   0x00000040   Code   RO          736    i.HAL_RCC_GetClockConfig  stm32f1xx_hal_rcc.o
    0x08000f04   0x00000020   Code   RO          739    i.HAL_RCC_GetPCLK1Freq  stm32f1xx_hal_rcc.o
    0x08000f24   0x00000020   Code   RO          740    i.HAL_RCC_GetPCLK2Freq  stm32f1xx_hal_rcc.o
    0x08000f44   0x0000006c   Code   RO          741    i.HAL_RCC_GetSysClockFreq  stm32f1xx_hal_rcc.o
    0x08000fb0   0x00000320   Code   RO          744    i.HAL_RCC_OscConfig  stm32f1xx_hal_rcc.o
    0x080012d0   0x00000002   Code   RO         2238    i.HAL_TIMEx_BreakCallback  stm32f1xx_hal_tim_ex.o
    0x080012d2   0x00000002   Code   RO         2239    i.HAL_TIMEx_CommutCallback  stm32f1xx_hal_tim_ex.o
    0x080012d4   0x0000005a   Code   RO         1534    i.HAL_TIM_Base_Init  stm32f1xx_hal_tim.o
    0x0800132e   0x00000002   Code   RO         1536    i.HAL_TIM_Base_MspInit  stm32f1xx_hal_tim.o
    0x08001330   0x00000058   Code   RO         1539    i.HAL_TIM_Base_Start_IT  stm32f1xx_hal_tim.o
    0x08001388   0x00000002   Code   RO         1568    i.HAL_TIM_IC_CaptureCallback  stm32f1xx_hal_tim.o
    0x0800138a   0x00000166   Code   RO         1582    i.HAL_TIM_IRQHandler  stm32f1xx_hal_tim.o
    0x080014f0   0x00000002   Code   RO         1585    i.HAL_TIM_OC_DelayElapsedCallback  stm32f1xx_hal_tim.o
    0x080014f2   0x00000002   Code   RO         1612    i.HAL_TIM_PWM_PulseFinishedCallback  stm32f1xx_hal_tim.o
    0x080014f4   0x00000014   Code   RO           14    i.HAL_TIM_PeriodElapsedCallback  main.o
    0x08001508   0x00000002   Code   RO         1625    i.HAL_TIM_TriggerCallback  stm32f1xx_hal_tim.o
    0x0800150a   0x0000004a   Code   RO         2514    i.HAL_UARTEx_ReceiveToIdle_DMA  stm32f1xx_hal_uart.o
    0x08001554   0x00000070   Code   RO         4176    i.HAL_UARTEx_RxEventCallback  com.o
    0x080015c4   0x0000003c   Code   RO         4177    i.HAL_UART_ErrorCallback  com.o
    0x08001600   0x0000020c   Code   RO         2533    i.HAL_UART_IRQHandler  stm32f1xx_hal_uart.o
    0x0800180c   0x00000062   Code   RO         2534    i.HAL_UART_Init     stm32f1xx_hal_uart.o
    0x0800186e   0x00000002   PAD
    0x08001870   0x00000124   Code   RO          329    i.HAL_UART_MspInit  usart.o
    0x08001994   0x00000002   Code   RO         4178    i.HAL_UART_RxCpltCallback  com.o
    0x08001996   0x00000002   Code   RO         2541    i.HAL_UART_RxHalfCpltCallback  stm32f1xx_hal_uart.o
    0x08001998   0x000000b2   Code   RO         2542    i.HAL_UART_Transmit  stm32f1xx_hal_uart.o
    0x08001a4a   0x00000002   PAD
    0x08001a4c   0x00000080   Code   RO         2543    i.HAL_UART_Transmit_DMA  stm32f1xx_hal_uart.o
    0x08001acc   0x00000040   Code   RO         4179    i.HAL_UART_TxCpltCallback  com.o
    0x08001b0c   0x00000002   Code   RO         2546    i.HAL_UART_TxHalfCpltCallback  stm32f1xx_hal_uart.o
    0x08001b0e   0x00000002   Code   RO          380    i.HardFault_Handler  stm32f1xx_it.o
    0x08001b10   0x00000144   Code   RO         4180    i.Init_COM_with_DMA_idle  com.o
    0x08001c54   0x0000003c   Code   RO          304    i.MX_DMA_Init       dma.o
    0x08001c90   0x00000028   Code   RO          231    i.MX_FREERTOS_Init  freertos.o
    0x08001cb8   0x000000c4   Code   RO          205    i.MX_GPIO_Init      gpio.o
    0x08001d7c   0x00000038   Code   RO          330    i.MX_USART1_UART_Init  usart.o
    0x08001db4   0x00000038   Code   RO          331    i.MX_USART2_UART_Init  usart.o
    0x08001dec   0x00000002   Code   RO          381    i.MemManage_Handler  stm32f1xx_it.o
    0x08001dee   0x00000002   Code   RO          382    i.NMI_Handler       stm32f1xx_it.o
    0x08001df0   0x0000008c   Code   RO          232    i.StartDefaultTask  freertos.o
    0x08001e7c   0x0000002c   Code   RO         4094    i.SysTick_Handler   port.o
    0x08001ea8   0x0000005e   Code   RO           15    i.SystemClock_Config  main.o
    0x08001f06   0x00000002   Code   RO         2863    i.SystemInit        system_stm32f1xx.o
    0x08001f08   0x0000000c   Code   RO          383    i.TIM1_UP_IRQHandler  stm32f1xx_it.o
    0x08001f14   0x0000006c   Code   RO         1627    i.TIM_Base_SetConfig  stm32f1xx_hal_tim.o
    0x08001f80   0x00000010   Code   RO         2547    i.UART_DMAAbortOnError  stm32f1xx_hal_uart.o
    0x08001f90   0x0000004a   Code   RO         2548    i.UART_DMAError     stm32f1xx_hal_uart.o
    0x08001fda   0x0000005a   Code   RO         2549    i.UART_DMAReceiveCplt  stm32f1xx_hal_uart.o
    0x08002034   0x0000001a   Code   RO         2551    i.UART_DMARxHalfCplt  stm32f1xx_hal_uart.o
    0x0800204e   0x0000002e   Code   RO         2553    i.UART_DMATransmitCplt  stm32f1xx_hal_uart.o
    0x0800207c   0x0000000a   Code   RO         2555    i.UART_DMATxHalfCplt  stm32f1xx_hal_uart.o
    0x08002086   0x00000030   Code   RO         2557    i.UART_EndRxTransfer  stm32f1xx_hal_uart.o
    0x080020b6   0x00000012   Code   RO         2558    i.UART_EndTxTransfer  stm32f1xx_hal_uart.o
    0x080020c8   0x000000b6   Code   RO         2559    i.UART_Receive_IT   stm32f1xx_hal_uart.o
    0x0800217e   0x00000002   PAD
    0x08002180   0x000000b8   Code   RO         2560    i.UART_SetConfig    stm32f1xx_hal_uart.o
    0x08002238   0x00000070   Code   RO         2561    i.UART_Start_Receive_DMA  stm32f1xx_hal_uart.o
    0x080022a8   0x00000064   Code   RO         2563    i.UART_WaitOnFlagUntilTimeout  stm32f1xx_hal_uart.o
    0x0800230c   0x0000000c   Code   RO          384    i.USART2_IRQHandler  stm32f1xx_it.o
    0x08002318   0x00000002   Code   RO          385    i.UsageFault_Handler  stm32f1xx_it.o
    0x0800231a   0x00000002   PAD
    0x0800231c   0x00000020   Code   RO         5259    i.__0printf$4       mc_w.l(printf4.o)
    0x0800233c   0x00000020   Code   RO         1045    i.__NVIC_SetPriority  stm32f1xx_hal_cortex.o
    0x0800235c   0x0000000e   Code   RO         5457    i.__scatterload_copy  mc_w.l(handlers.o)
    0x0800236a   0x00000002   Code   RO         5458    i.__scatterload_null  mc_w.l(handlers.o)
    0x0800236c   0x0000000e   Code   RO         5459    i.__scatterload_zeroinit  mc_w.l(handlers.o)
    0x0800237a   0x00000002   PAD
    0x0800237c   0x0000022c   Code   RO         5266    i._printf_core      mc_w.l(printf4.o)
    0x080025a8   0x0000001c   Code   RO         4251    i.crc_accumulate    driver_fmu.o
    0x080025c4   0x0000000c   Code   RO         4252    i.degrees           driver_fmu.o
    0x080025d0   0x00000018   Code   RO           16    i.fputc             main.o
    0x080025e8   0x00000022   Code   RO           17    i.main              main.o
    0x0800260a   0x0000000c   Code   RO         3665    i.makeFreeRtosPriority  cmsis_os.o
    0x08002616   0x00000002   PAD
    0x08002618   0x000002d0   Code   RO         4255    i.mavlink_frame_char_buffer  driver_fmu.o
    0x080028e8   0x00000124   Code   RO         4257    i.mavlink_sha256_calc  driver_fmu.o
    0x08002a0c   0x0000008c   Code   RO         4258    i.mavlink_sha256_final_48  driver_fmu.o
    0x08002a98   0x00000048   Code   RO         4259    i.mavlink_sha256_init  driver_fmu.o
    0x08002ae0   0x0000007e   Code   RO         4260    i.mavlink_sha256_update  driver_fmu.o
    0x08002b5e   0x00000002   PAD
    0x08002b60   0x00000170   Code   RO         4261    i.mavlink_signature_check  driver_fmu.o
    0x08002cd0   0x00000008   Code   RO         4262    i.mavlink_start_checksum  driver_fmu.o
    0x08002cd8   0x0000001c   Code   RO         4263    i.mavlink_update_checksum  driver_fmu.o
    0x08002cf4   0x0000000e   Code   RO         3667    i.osDelay           cmsis_os.o
    0x08002d02   0x0000000a   Code   RO         3670    i.osKernelStart     cmsis_os.o
    0x08002d0c   0x00000054   Code   RO         3704    i.osThreadCreate    cmsis_os.o
    0x08002d60   0x000000f4   Code   RO         4264    i.process_channels  driver_fmu.o
    0x08002e54   0x00000070   Code   RO         3356    i.prvAddCurrentTaskToDelayedList  tasks.o
    0x08002ec4   0x000000d0   Code   RO         3357    i.prvAddNewTaskToReadyList  tasks.o
    0x08002f94   0x00000026   Code   RO         3041    i.prvCopyDataFromQueue  queue.o
    0x08002fba   0x0000006c   Code   RO         3042    i.prvCopyDataToQueue  queue.o
    0x08003026   0x00000034   Code   RO         3358    i.prvDeleteTCB      tasks.o
    0x0800305a   0x00000002   PAD
    0x0800305c   0x0000004c   Code   RO         4032    i.prvHeapInit       heap_4.o
    0x080030a8   0x00000060   Code   RO         3359    i.prvIdleTask       tasks.o
    0x08003108   0x00000016   Code   RO         3044    i.prvInitialiseNewQueue  queue.o
    0x0800311e   0x0000008e   Code   RO         3360    i.prvInitialiseNewTask  tasks.o
    0x080031ac   0x0000004c   Code   RO         4033    i.prvInsertBlockIntoFreeList  heap_4.o
    0x080031f8   0x0000001c   Code   RO         3045    i.prvIsQueueEmpty   queue.o
    0x08003214   0x00000020   Code   RO         3361    i.prvResetNextTaskUnblockTime  tasks.o
    0x08003234   0x00000028   Code   RO         4095    i.prvTaskExitError  port.o
    0x0800325c   0x0000006a   Code   RO         3046    i.prvUnlockQueue    queue.o
    0x080032c6   0x00000002   PAD
    0x080032c8   0x000000d8   Code   RO         4034    i.pvPortMalloc      heap_4.o
    0x080033a0   0x00000018   Code   RO         3363    i.pvTaskIncrementMutexHeldCount  tasks.o
    0x080033b8   0x00000024   Code   RO         4096    i.pxPortInitialiseStack  port.o
    0x080033dc   0x0000002c   Code   RO         4269    i.update_freq_calc  driver_fmu.o
    0x08003408   0x00000026   Code   RO         3001    i.uxListRemove      list.o
    0x0800342e   0x00000024   Code   RO         3047    i.uxQueueMessagesWaiting  queue.o
    0x08003452   0x00000002   PAD
    0x08003454   0x00000014   Code   RO          233    i.vApplicationGetIdleTaskMemory  freertos.o
    0x08003468   0x00000016   Code   RO         3002    i.vListInitialise   list.o
    0x0800347e   0x00000006   Code   RO         3003    i.vListInitialiseItem  list.o
    0x08003484   0x00000030   Code   RO         3004    i.vListInsert       list.o
    0x080034b4   0x00000018   Code   RO         3005    i.vListInsertEnd    list.o
    0x080034cc   0x00000040   Code   RO         4098    i.vPortEnterCritical  port.o
    0x0800350c   0x00000028   Code   RO         4099    i.vPortExitCritical  port.o
    0x08003534   0x0000005c   Code   RO         4035    i.vPortFree         heap_4.o
    0x08003590   0x00000024   Code   RO         4100    i.vPortSetupTimerInterrupt  port.o
    0x080035b4   0x00000054   Code   RO         4101    i.vPortValidateInterruptPriority  port.o
    0x08003608   0x0000004c   Code   RO         3369    i.vTaskDelay        tasks.o
    0x08003654   0x0000008c   Code   RO         3370    i.vTaskDelayUntil   tasks.o
    0x080036e0   0x00000010   Code   RO         3373    i.vTaskInternalSetTimeOutState  tasks.o
    0x080036f0   0x0000000c   Code   RO         3374    i.vTaskMissedYield  tasks.o
    0x080036fc   0x00000030   Code   RO         3376    i.vTaskPlaceOnEventList  tasks.o
    0x0800372c   0x000000a8   Code   RO         3378    i.vTaskPriorityDisinheritAfterTimeout  tasks.o
    0x080037d4   0x0000006c   Code   RO         3383    i.vTaskStartScheduler  tasks.o
    0x08003840   0x00000010   Code   RO         3385    i.vTaskSuspendAll   tasks.o
    0x08003850   0x0000005c   Code   RO         3386    i.vTaskSwitchContext  tasks.o
    0x080038ac   0x0000000c   Code   RO         4037    i.xPortGetFreeHeapSize  heap_4.o
    0x080038b8   0x000000a8   Code   RO         4102    i.xPortStartScheduler  port.o
    0x08003960   0x00000048   Code   RO         3055    i.xQueueGenericCreate  queue.o
    0x080039a8   0x00000088   Code   RO         3057    i.xQueueGenericReset  queue.o
    0x08003a30   0x00000160   Code   RO         3058    i.xQueueGenericSend  queue.o
    0x08003b90   0x000000bc   Code   RO         3059    i.xQueueGenericSendFromISR  queue.o
    0x08003c4c   0x0000009c   Code   RO         3060    i.xQueueGiveFromISR  queue.o
    0x08003ce8   0x00000138   Code   RO         3065    i.xQueueReceive     queue.o
    0x08003e20   0x00000178   Code   RO         3067    i.xQueueSemaphoreTake  queue.o
    0x08003f98   0x00000074   Code   RO         3387    i.xTaskCheckForTimeOut  tasks.o
    0x0800400c   0x0000005a   Code   RO         3388    i.xTaskCreate       tasks.o
    0x08004066   0x00000056   Code   RO         3389    i.xTaskCreateStatic  tasks.o
    0x080040bc   0x0000001c   Code   RO         3393    i.xTaskGetSchedulerState  tasks.o
    0x080040d8   0x0000000c   Code   RO         3394    i.xTaskGetTickCount  tasks.o
    0x080040e4   0x000000c8   Code   RO         3396    i.xTaskIncrementTick  tasks.o
    0x080041ac   0x00000098   Code   RO         3399    i.xTaskPriorityDisinherit  tasks.o
    0x08004244   0x00000094   Code   RO         3400    i.xTaskPriorityInherit  tasks.o
    0x080042d8   0x00000074   Code   RO         3401    i.xTaskRemoveFromEventList  tasks.o
    0x0800434c   0x000000c4   Code   RO         3402    i.xTaskResumeAll    tasks.o
    0x08004410   0x0000001c   Data   RO          235    .constdata          freertos.o
    0x0800442c   0x00000010   Data   RO         2864    .constdata          system_stm32f1xx.o
    0x0800443c   0x00000008   Data   RO         2865    .constdata          system_stm32f1xx.o
    0x08004444   0x00000bc8   Data   RO         4273    .constdata          driver_fmu.o
    0x0800500c   0x0000000c   Data   RO          236    .conststring        freertos.o
    0x08005018   0x00000072   Data   RO         4274    .conststring        driver_fmu.o
    0x0800508a   0x00000002   PAD
    0x0800508c   0x00000020   Data   RO         5455    Region$$Table       anon$$obj.o


    Execution Region RW_IRAM1 (Base: 0x20000000, Size: 0x000031d8, Max: 0x00005000, ABSOLUTE)

    Base Addr    Size         Type   Attr      Idx    E Section Name        Object

    0x20000000   0x00000004   Data   RW          237    .data               freertos.o
    0x20000004   0x0000000c   Data   RW          582    .data               stm32f1xx_hal.o
    0x20000010   0x00000004   Data   RW         2866    .data               system_stm32f1xx.o
    0x20000014   0x0000003c   Data   RW         3405    .data               tasks.o
    0x20000050   0x00000018   Data   RW         4040    .data               heap_4.o
    0x20000068   0x0000000c   Data   RW         4103    .data               port.o
    0x20000074   0x00000008   Data   RW         4182    .data               com.o
    0x2000007c   0x00000074   Data   RW         4275    .data               driver_fmu.o
    0x200000f0   0x00000004   Data   RW         5429    .data               mc_w.l(stdout.o)
    0x200000f4   0x00000254   Zero   RW          234    .bss                freertos.o
    0x20000348   0x00000110   Zero   RW          332    .bss                usart.o
    0x20000458   0x00000048   Zero   RW          485    .bss                stm32f1xx_hal_timebase_tim.o
    0x200004a0   0x000000f0   Zero   RW         3404    .bss                tasks.o
    0x20000590   0x00002000   Zero   RW         4039    .bss                heap_4.o
    0x20002590   0x0000019c   Zero   RW         4181    .bss                com.o
    0x2000272c   0x000006a7   Zero   RW         4270    .bss                driver_fmu.o
    0x20002dd3   0x00000005   PAD
    0x20002dd8   0x00000400   Zero   RW            1    STACK               startup_stm32f103xb.o


==============================================================================

Image component sizes


      Code (inc. data)   RO Data    RW Data    ZI Data      Debug   Object Name

       120          0          0          0          0      22221   cmsis_os.o
       680        134          0          8        412       5860   com.o
        60          4          0          0          0        834   dma.o
      2630        122       3130        116       1703      43624   driver_fmu.o
         0          0          0          0          0      18028   event_groups.o
       200         90         40          4        596       7781   freertos.o
       196         16          0          0          0       1043   gpio.o
       472         30          0         24       8192       7670   heap_4.o
       138          0          0          0          0       3342   list.o
       176         10          0          0          0     455576   main.o
       662         70          0         12          0      10937   port.o
      1930         18          0          0          0      16125   queue.o
        36          8        236          0       1024        776   startup_stm32f103xb.o
        64         14          0         12          0       4590   stm32f1xx_hal.o
       158         14          0          0          0      28038   stm32f1xx_hal_cortex.o
       808         36          0          0          0       4910   stm32f1xx_hal_dma.o
       490         34          0          0          0       2932   stm32f1xx_hal_gpio.o
        72         10          0          0          0        934   stm32f1xx_hal_msp.o
      1336        110          0          0          0       5741   stm32f1xx_hal_rcc.o
       654         26          0          0          0       6864   stm32f1xx_hal_tim.o
         4          0          0          0          0       1589   stm32f1xx_hal_tim_ex.o
       116         18          0          0         72       1459   stm32f1xx_hal_timebase_tim.o
      1912         38          0          0          0      14126   stm32f1xx_hal_uart.o
        60         24          0          0          0       4072   stm32f1xx_it.o
         0          0          0          0          0        384   stream_buffer.o
         2          0         24          4          0       1159   system_stm32f1xx.o
      2486        186          0         60        240      24993   tasks.o
       404         40          0          0        272       2537   usart.o

    ----------------------------------------------------------------------
     15894       1052       3464        240      12516     698145   Object Totals
         0          0         32          0          0          0   (incl. Generated)
        28          0          2          0          5          0   (incl. Padding)

    ----------------------------------------------------------------------

      Code (inc. data)   RO Data    RW Data    ZI Data      Debug   Library Member Name

         0          0          0          0          0          0   entry.o
         0          0          0          0          0          0   entry10a.o
         0          0          0          0          0          0   entry11a.o
         8          4          0          0          0          0   entry2.o
         4          0          0          0          0          0   entry5.o
         0          0          0          0          0          0   entry7b.o
         0          0          0          0          0          0   entry8b.o
         8          4          0          0          0          0   entry9a.o
        30          0          0          0          0          0   handlers.o
        36          8          0          0          0         68   init.o
         0          0          0          0          0          0   iusefp.o
        30          0          0          0          0         68   llshl.o
        32          0          0          0          0         68   llushr.o
        26          0          0          0          0         80   memcmp.o
        36          0          0          0          0         68   memcpya.o
        36          0          0          0          0        108   memseta.o
       588         14          0          0          0        184   printf4.o
         0          0          0          4          0          0   stdout.o
        14          0          0          0          0         68   strlen.o
        98          0          0          0          0         92   uldiv.o
       124          0          0          0          0         88   fdiv.o
       110          0          0          0          0        168   fepilogue.o
        10          0          0          0          0         68   ffltui.o
       100          0          0          0          0         76   fmul.o

    ----------------------------------------------------------------------
      1294         30          0          4          0       1204   Library Totals
         4          0          0          0          0          0   (incl. Padding)

    ----------------------------------------------------------------------

      Code (inc. data)   RO Data    RW Data    ZI Data      Debug   Library Name

       946         30          0          4          0        804   mc_w.l
       344          0          0          0          0        400   mf_w.l

    ----------------------------------------------------------------------
      1294         30          0          4          0       1204   Library Totals

    ----------------------------------------------------------------------

==============================================================================


      Code (inc. data)   RO Data    RW Data    ZI Data      Debug   

     17188       1082       3464        244      12516     690713   Grand Totals
     17188       1082       3464        244      12516     690713   ELF Image Totals
     17188       1082       3464        244          0          0   ROM Totals

==============================================================================

    Total RO  Size (Code + RO Data)                20652 (  20.17kB)
    Total RW  Size (RW Data + ZI Data)             12760 (  12.46kB)
    Total ROM Size (Code + RO Data + RW Data)      20896 (  20.41kB)

==============================================================================

